ASxxxx Linker V03.00 + NoICE + sdld,  page 1.
Hexadecimal  [32-Bits]

Area                                    Addr        Size        Decimal Bytes (Attributes)
--------------------------------        ----        ----        ------- ----- ------------
CABS                                00000000    00000000 =           0. bytes (ABS,CON,CODE)

      Value  Global                              Global Defined In Module
      -----  --------------------------------   ------------------------
C:   00000000  l_CABS                          
C:   00000000  l_GSINIT1                       
C:   00000000  l_GSINIT5                       
C:   00000000  l_IABS                          
C:   00000000  l_ISEG                          
C:   00000000  l_PSEG                          
C:   00000000  l_REG_BANK_1                    
C:   00000000  l_REG_BANK_2                    
C:   00000000  l_REG_BANK_3                    
C:   00000000  l_RSEG                          
C:   00000000  l_RSEG0                         
C:   00000000  l_RSEG1                         
C:   00000000  l_XABS                          
C:   00000000  l_XINIT                         
C:   00000000  l_XISEG                         
C:   00000000  l_XSEG                          
C:   00000000  l__CODE                         
C:   00000000  s_BSEG                          
C:   00000000  s_CABS                          
C:   00000000  s_DSEG                          
C:   00000000  s_HOME                          
C:   00000000  s_IABS                          
C:   00000000  s_ISEG                          
C:   00000000  s_PSEG                          
C:   00000000  s_REG_BANK_0                    
C:   00000000  s_RSEG                          
C:   00000000  s_RSEG0                         
C:   00000000  s_RSEG1                         
C:   00000000  s_XABS                          
C:   00000000  s_XISEG                         
C:   00000000  s_XSEG                          
C:   00000001  l_BIT_BANK                      
C:   00000001  l_BSEG                          
C:   00000001  l_BSEG_BYTES                    
C:   00000003  l_GSFINAL                       
C:   00000003  l_GSINIT0                       
C:   00000005  l_OSEG                          
C:   00000008  l_HOME                          
C:   00000008  l_REG_BANK_0                    
C:   00000008  s_GSINIT0                       
C:   00000008  s_REG_BANK_1                    
C:   0000000A  l_GSINIT2                       
C:   0000000B  s_GSINIT1                       
C:   0000000B  s_GSINIT2                       
C:   00000010  s_REG_BANK_2                    
C:   00000015  s_GSINIT3                       
C:   00000018  l_GSINIT                        
C:   00000018  s_REG_BANK_3                    
C:   0000001B  s_OSEG                          
C:   00000020  s_BSEG_BYTES                    
ASxxxx Linker V03.00 + NoICE + sdld,  page 2.
Hexadecimal  [32-Bits]

Area                                    Addr        Size        Decimal Bytes (Attributes)
--------------------------------        ----        ----        ------- ----- ------------
CABS                                00000000    00000000 =           0. bytes (ABS,CON,CODE)

      Value  Global                              Global Defined In Module
      -----  --------------------------------   ------------------------
C:   00000020  s__CODE                         
C:   00000021  s_BIT_BANK                      
C:   00000022  l_GSINIT3                       
C:   0000002A  l_GSINIT4                       
C:   00000034  s_SSEG                          
C:   00000037  s_GSINIT4                       
C:   00000061  s_GSINIT                        
C:   00000061  s_GSINIT5                       
C:   00000079  s_GSFINAL                       
C:   0000007C  s_CSEG                          
C:   00000080  l_DSEG                          
C:   000000C1  l_CONST                         
C:   000000CC  l_SSEG                          
C:   00000100  l_IRAM                          
C:   00000C79  l_CSEG                          
C:   00000CF5  s_CONST                         
C:   00000DB6  s_XINIT                         

ASxxxx Linker V03.00 + NoICE + sdld,  page 3.
Hexadecimal  [32-Bits]

Area                                    Addr        Size        Decimal Bytes (Attributes)
--------------------------------        ----        ----        ------- ----- ------------
.  .ABS.                            00000000    00000000 =           0. bytes (ABS,CON)

      Value  Global                              Global Defined In Module
      -----  --------------------------------   ------------------------
     00000000  .__.ABS.                           _startup
     00000080  G$P0$0$0                           F3xx_USB0_Descriptor
     00000080  _P0                                F3xx_USB0_Descriptor
     00000081  G$SP$0$0                           F3xx_USB0_Descriptor
     00000081  _SP                                F3xx_USB0_Descriptor
     00000082  G$DPL$0$0                          F3xx_USB0_Descriptor
     00000082  _DPL                               F3xx_USB0_Descriptor
     00000083  G$DPH$0$0                          F3xx_USB0_Descriptor
     00000083  _DPH                               F3xx_USB0_Descriptor
     00000087  G$PCON$0$0                         F3xx_USB0_Descriptor
     00000087  _PCON                              F3xx_USB0_Descriptor
     00000088  G$IT0$0$0                          F3xx_USB0_Descriptor
     00000088  G$TCON$0$0                         F3xx_USB0_Descriptor
     00000088  _IT0                               F3xx_USB0_Descriptor
     00000088  _TCON                              F3xx_USB0_Descriptor
     00000089  G$IE0$0$0                          F3xx_USB0_Descriptor
     00000089  G$TMOD$0$0                         F3xx_USB0_Descriptor
     00000089  _IE0                               F3xx_USB0_Descriptor
     00000089  _TMOD                              F3xx_USB0_Descriptor
     0000008A  G$IT1$0$0                          F3xx_USB0_Descriptor
     0000008A  G$TL0$0$0                          F3xx_USB0_Descriptor
     0000008A  _IT1                               F3xx_USB0_Descriptor
     0000008A  _TL0                               F3xx_USB0_Descriptor
     0000008B  G$IE1$0$0                          F3xx_USB0_Descriptor
     0000008B  G$TL1$0$0                          F3xx_USB0_Descriptor
     0000008B  _IE1                               F3xx_USB0_Descriptor
     0000008B  _TL1                               F3xx_USB0_Descriptor
     0000008C  G$TH0$0$0                          F3xx_USB0_Descriptor
     0000008C  G$TR0$0$0                          F3xx_USB0_Descriptor
     0000008C  _TH0                               F3xx_USB0_Descriptor
     0000008C  _TR0                               F3xx_USB0_Descriptor
     0000008D  G$TF0$0$0                          F3xx_USB0_Descriptor
     0000008D  G$TH1$0$0                          F3xx_USB0_Descriptor
     0000008D  _TF0                               F3xx_USB0_Descriptor
     0000008D  _TH1                               F3xx_USB0_Descriptor
     0000008E  G$CKCON$0$0                        F3xx_USB0_Descriptor
     0000008E  G$TR1$0$0                          F3xx_USB0_Descriptor
     0000008E  _CKCON                             F3xx_USB0_Descriptor
     0000008E  _TR1                               F3xx_USB0_Descriptor
     0000008F  G$PSCTL$0$0                        F3xx_USB0_Descriptor
     0000008F  G$TF1$0$0                          F3xx_USB0_Descriptor
     0000008F  _PSCTL                             F3xx_USB0_Descriptor
     0000008F  _TF1                               F3xx_USB0_Descriptor
     00000091  G$SBCON0$0$0                       F3xx_USB0_Descriptor
     00000091  _SBCON0                            F3xx_USB0_Descriptor
     00000093  G$SBRLL0$0$0                       F3xx_USB0_Descriptor
     00000093  _SBRLL0                            F3xx_USB0_Descriptor
     00000094  G$SBRLH0$0$0                       F3xx_USB0_Descriptor
     00000094  _SBRLH0                            F3xx_USB0_Descriptor
     00000096  G$USB0ADR$0$0                      F3xx_USB0_Descriptor
ASxxxx Linker V03.00 + NoICE + sdld,  page 4.
Hexadecimal  [32-Bits]

Area                                    Addr        Size        Decimal Bytes (Attributes)
--------------------------------        ----        ----        ------- ----- ------------
.  .ABS.                            00000000    00000000 =           0. bytes (ABS,CON)

      Value  Global                              Global Defined In Module
      -----  --------------------------------   ------------------------
     00000096  _USB0ADR                           F3xx_USB0_Descriptor
     00000097  G$USB0DAT$0$0                      F3xx_USB0_Descriptor
     00000097  _USB0DAT                           F3xx_USB0_Descriptor
     00000098  G$RI0$0$0                          F3xx_USB0_Descriptor
     00000098  G$SCON0$0$0                        F3xx_USB0_Descriptor
     00000098  _RI0                               F3xx_USB0_Descriptor
     00000098  _SCON0                             F3xx_USB0_Descriptor
     00000099  G$SBUF0$0$0                        F3xx_USB0_Descriptor
     00000099  G$TI0$0$0                          F3xx_USB0_Descriptor
     00000099  _SBUF0                             F3xx_USB0_Descriptor
     00000099  _TI0                               F3xx_USB0_Descriptor
     0000009A  G$RBX0$0$0                         F3xx_USB0_Descriptor
     0000009A  G$SMOD0$0$0                        F3xx_USB0_Descriptor
     0000009A  _RBX0                              F3xx_USB0_Descriptor
     0000009A  _SMOD0                             F3xx_USB0_Descriptor
     0000009B  G$TBX0$0$0                         F3xx_USB0_Descriptor
     0000009B  _TBX0                              F3xx_USB0_Descriptor
     0000009C  G$REN0$0$0                         F3xx_USB0_Descriptor
     0000009C  _REN0                              F3xx_USB0_Descriptor
     0000009F  G$OVR0$0$0                         F3xx_USB0_Descriptor
     0000009F  G$PERR0$0$0                        F3xx_USB0_Descriptor
     0000009F  _OVR0                              F3xx_USB0_Descriptor
     0000009F  _PERR0                             F3xx_USB0_Descriptor
     000000A0  G$P2$0$0                           F3xx_USB0_Descriptor
     000000A0  _P2                                F3xx_USB0_Descriptor
     000000A4  G$P0MDOUT$0$0                      F3xx_USB0_Descriptor
     000000A4  _P0MDOUT                           F3xx_USB0_Descriptor
     000000A6  G$P2MDOUT$0$0                      F3xx_USB0_Descriptor
     000000A6  _P2MDOUT                           F3xx_USB0_Descriptor
     000000A7  G$P3MDOUT$0$0                      F3xx_USB0_Descriptor
     000000A7  _P3MDOUT                           F3xx_USB0_Descriptor
     000000A8  G$EX0$0$0                          F3xx_USB0_Descriptor
     000000A8  G$IE$0$0                           F3xx_USB0_Descriptor
     000000A8  _EX0                               F3xx_USB0_Descriptor
     000000A8  _IE                                F3xx_USB0_Descriptor
     000000A9  G$CLKSEL$0$0                       F3xx_USB0_Descriptor
     000000A9  G$ET0$0$0                          F3xx_USB0_Descriptor
     000000A9  _CLKSEL                            F3xx_USB0_Descriptor
     000000A9  _ET0                               F3xx_USB0_Descriptor
     000000AA  G$EMI0CN$0$0                       F3xx_USB0_Descriptor
     000000AA  G$EX1$0$0                          F3xx_USB0_Descriptor
     000000AA  G$_XPAGE$0$0                       F3xx_USB0_Descriptor
     000000AA  _EMI0CN                            F3xx_USB0_Descriptor
     000000AA  _EX1                               F3xx_USB0_Descriptor
     000000AA  __XPAGE                            F3xx_USB0_Descriptor
     000000AB  G$ET1$0$0                          F3xx_USB0_Descriptor
     000000AB  _ET1                               F3xx_USB0_Descriptor
     000000AC  G$ES0$0$0                          F3xx_USB0_Descriptor
     000000AC  _ES0                               F3xx_USB0_Descriptor
     000000AF  G$EA$0$0                           F3xx_USB0_Descriptor
     000000AF  _EA                                F3xx_USB0_Descriptor
ASxxxx Linker V03.00 + NoICE + sdld,  page 5.
Hexadecimal  [32-Bits]

Area                                    Addr        Size        Decimal Bytes (Attributes)
--------------------------------        ----        ----        ------- ----- ------------
.  .ABS.                            00000000    00000000 =           0. bytes (ABS,CON)

      Value  Global                              Global Defined In Module
      -----  --------------------------------   ------------------------
     000000B0  G$P3$0$0                           F3xx_USB0_Descriptor
     000000B0  _P3                                F3xx_USB0_Descriptor
     000000B2  G$OSCICN$0$0                       F3xx_USB0_Descriptor
     000000B2  _OSCICN                            F3xx_USB0_Descriptor
     000000B3  G$OSCICL$0$0                       F3xx_USB0_Descriptor
     000000B3  _OSCICL                            F3xx_USB0_Descriptor
     000000B6  G$FLSCL$0$0                        F3xx_USB0_Descriptor
     000000B6  _FLSCL                             F3xx_USB0_Descriptor
     000000B7  G$FLKEY$0$0                        F3xx_USB0_Descriptor
     000000B7  _FLKEY                             F3xx_USB0_Descriptor
     000000B8  G$IP$0$0                           F3xx_USB0_Descriptor
     000000B8  G$PX0$0$0                          F3xx_USB0_Descriptor
     000000B8  _IP                                F3xx_USB0_Descriptor
     000000B8  _PX0                               F3xx_USB0_Descriptor
     000000B9  G$CLKMUL$0$0                       F3xx_USB0_Descriptor
     000000B9  G$PT0$0$0                          F3xx_USB0_Descriptor
     000000B9  _CLKMUL                            F3xx_USB0_Descriptor
     000000B9  _PT0                               F3xx_USB0_Descriptor
     000000BA  G$PX1$0$0                          F3xx_USB0_Descriptor
     000000BA  _PX1                               F3xx_USB0_Descriptor
     000000BB  G$PT1$0$0                          F3xx_USB0_Descriptor
     000000BB  _PT1                               F3xx_USB0_Descriptor
     000000BC  G$PS0$0$0                          F3xx_USB0_Descriptor
     000000BC  _PS0                               F3xx_USB0_Descriptor
     000000C9  G$REG0CN$0$0                       F3xx_USB0_Descriptor
     000000C9  _REG0CN                            F3xx_USB0_Descriptor
     000000D0  G$P$0$0                            F3xx_USB0_Descriptor
     000000D0  G$PSW$0$0                          F3xx_USB0_Descriptor
     000000D0  _P                                 F3xx_USB0_Descriptor
     000000D0  _PSW                               F3xx_USB0_Descriptor
     000000D1  G$F1$0$0                           F3xx_USB0_Descriptor
     000000D1  _F1                                F3xx_USB0_Descriptor
     000000D2  G$OV$0$0                           F3xx_USB0_Descriptor
     000000D2  _OV                                F3xx_USB0_Descriptor
     000000D3  G$RS0$0$0                          F3xx_USB0_Descriptor
     000000D3  _RS0                               F3xx_USB0_Descriptor
     000000D4  G$RS1$0$0                          F3xx_USB0_Descriptor
     000000D4  _RS1                               F3xx_USB0_Descriptor
     000000D5  G$F0$0$0                           F3xx_USB0_Descriptor
     000000D5  _F0                                F3xx_USB0_Descriptor
     000000D6  G$AC$0$0                           F3xx_USB0_Descriptor
     000000D6  _AC                                F3xx_USB0_Descriptor
     000000D7  G$CY$0$0                           F3xx_USB0_Descriptor
     000000D7  G$USB0XCN$0$0                      F3xx_USB0_Descriptor
     000000D7  _CY                                F3xx_USB0_Descriptor
     000000D7  _USB0XCN                           F3xx_USB0_Descriptor
     000000E0  G$ACC$0$0                          F3xx_USB0_Descriptor
     000000E0  _ACC                               F3xx_USB0_Descriptor
     000000E2  G$GPIOCN$0$0                       F3xx_USB0_Descriptor
     000000E2  _GPIOCN                            F3xx_USB0_Descriptor
     000000E3  G$OSCLCN$0$0                       F3xx_USB0_Descriptor
ASxxxx Linker V03.00 + NoICE + sdld,  page 6.
Hexadecimal  [32-Bits]

Area                                    Addr        Size        Decimal Bytes (Attributes)
--------------------------------        ----        ----        ------- ----- ------------
.  .ABS.                            00000000    00000000 =           0. bytes (ABS,CON)

      Value  Global                              Global Defined In Module
      -----  --------------------------------   ------------------------
     000000E3  _OSCLCN                            F3xx_USB0_Descriptor
     000000E6  G$EIE1$0$0                         F3xx_USB0_Descriptor
     000000E6  _EIE1                              F3xx_USB0_Descriptor
     000000E7  G$EIE2$0$0                         F3xx_USB0_Descriptor
     000000E7  _EIE2                              F3xx_USB0_Descriptor
     000000EF  G$RSTSRC$0$0                       F3xx_USB0_Descriptor
     000000EF  _RSTSRC                            F3xx_USB0_Descriptor
     000000F0  G$B$0$0                            F3xx_USB0_Descriptor
     000000F0  _B                                 F3xx_USB0_Descriptor
     000000F5  _B_5                               _gptrget
     000000F6  G$EIP1$0$0                         F3xx_USB0_Descriptor
     000000F6  _B_6                               _gptrget
     000000F6  _EIP1                              F3xx_USB0_Descriptor
     000000F7  G$EIP2$0$0                         F3xx_USB0_Descriptor
     000000F7  _B_7                               _gptrget
     000000F7  _EIP2                              F3xx_USB0_Descriptor
     000000FF  G$VDM0CN$0$0                       F3xx_USB0_Descriptor
     000000FF  _VDM0CN                            F3xx_USB0_Descriptor
     00008382  G$DP$0$0                           F3xx_USB0_Descriptor
     00008382  _DP                                F3xx_USB0_Descriptor
     00009493  G$SBRL0$0$0                        F3xx_USB0_Descriptor
     00009493  _SBRL0                             F3xx_USB0_Descriptor
ASxxxx Linker V03.00 + NoICE + sdld,  page 7.
Hexadecimal  [32-Bits]

Area                                    Addr        Size        Decimal Bytes (Attributes)
--------------------------------        ----        ----        ------- ----- ------------
BSEG_BYTES                          00000020    00000001 =           1. bytes (REL,CON)

      Value  Global                              Global Defined In Module
      -----  --------------------------------   ------------------------
ASxxxx Linker V03.00 + NoICE + sdld,  page 8.
Hexadecimal  [32-Bits]

Area                                    Addr        Size        Decimal Bytes (Attributes)
--------------------------------        ----        ----        ------- ----- ------------
REG_BANK_0                          00000000    00000008 =           8. bytes (REL,OVR)

      Value  Global                              Global Defined In Module
      -----  --------------------------------   ------------------------
ASxxxx Linker V03.00 + NoICE + sdld,  page 9.
Hexadecimal  [32-Bits]

Area                                    Addr        Size        Decimal Bytes (Attributes)
--------------------------------        ----        ----        ------- ----- ------------
BIT_BANK                            00000021    00000001 =           1. bytes (REL,OVR)

      Value  Global                              Global Defined In Module
      -----  --------------------------------   ------------------------
ASxxxx Linker V03.00 + NoICE + sdld,  page 10.
Hexadecimal  [32-Bits]

Area                                    Addr        Size        Decimal Bytes (Attributes)
--------------------------------        ----        ----        ------- ----- ------------
DSEG                                00000000    00000080 =         128. bytes (REL,CON)

      Value  Global                              Global Defined In Module
      -----  --------------------------------   ------------------------
     00000008  G$USB0_STATE$0$0                   F3xx_USB0_InterruptServiceRo
     00000008  _USB0_STATE                        F3xx_USB0_InterruptServiceRo
     00000009  G$SETUP$0$0                        F3xx_USB0_InterruptServiceRo
     00000009  _SETUP                             F3xx_USB0_InterruptServiceRo
     00000011  G$DATASIZE$0$0                     F3xx_USB0_InterruptServiceRo
     00000011  _DATASIZE                          F3xx_USB0_InterruptServiceRo
     00000013  G$DATASENT$0$0                     F3xx_USB0_InterruptServiceRo
     00000013  _DATASENT                          F3xx_USB0_InterruptServiceRo
     00000015  G$DATAPTR$0$0                      F3xx_USB0_InterruptServiceRo
     00000015  _DATAPTR                           F3xx_USB0_InterruptServiceRo
     00000018  G$EP_STATUS$0$0                    F3xx_USB0_InterruptServiceRo
     00000018  _EP_STATUS                         F3xx_USB0_InterruptServiceRo
     00000022  G$IN_BUFFER$0$0                    F3xx_USB0_ReportHandler
     00000022  _IN_BUFFER                         F3xx_USB0_ReportHandler
     00000026  G$OUT_BUFFER$0$0                   F3xx_USB0_ReportHandler
     00000026  _OUT_BUFFER                        F3xx_USB0_ReportHandler
     0000002A  LF3xx_USB0_ReportHandler.IN_Repo   F3xx_USB0_ReportHandler
     0000002B  G$MOUSE_VECTOR$0$0                 F326_USB0_Mouse
     0000002B  _MOUSE_VECTOR                      F326_USB0_Mouse
     0000002C  G$MOUSE_AXIS$0$0                   F326_USB0_Mouse
     0000002C  _MOUSE_AXIS                        F326_USB0_Mouse
     0000002D  G$MOUSE_BUTTON$0$0                 F326_USB0_Mouse
     0000002D  _MOUSE_BUTTON                      F326_USB0_Mouse
     0000002E  G$IN_PACKET$0$0                    F326_USB0_Mouse
     0000002E  _IN_PACKET                         F326_USB0_Mouse
     00000030  G$SWITCH_1_STATE$0$0               F326_USB0_Mouse
     00000030  _SWITCH_1_STATE                    F326_USB0_Mouse
     00000031  G$SWITCH_2_STATE$0$0               F326_USB0_Mouse
     00000031  _SWITCH_2_STATE                    F326_USB0_Mouse
     00000032  G$TOGGLE1$0$0                      F326_USB0_Mouse
     00000032  _TOGGLE1                           F326_USB0_Mouse
     00000033  G$TOGGLE2$0$0                      F326_USB0_Mouse
     00000033  _TOGGLE2                           F326_USB0_Mouse
ASxxxx Linker V03.00 + NoICE + sdld,  page 11.
Hexadecimal  [32-Bits]

Area                                    Addr        Size        Decimal Bytes (Attributes)
--------------------------------        ----        ----        ------- ----- ------------
OSEG                                0000001B    00000005 =           5. bytes (REL,OVR)

      Value  Global                              Global Defined In Module
      -----  --------------------------------   ------------------------
     0000001B  LF3xx_USB0_InterruptServiceRouti   F3xx_USB0_InterruptServiceRo
     0000001B  LF3xx_USB0_InterruptServiceRouti   F3xx_USB0_InterruptServiceRo
     0000001B  LF3xx_USB0_InterruptServiceRouti   F3xx_USB0_InterruptServiceRo
     0000001B  LF3xx_USB0_InterruptServiceRouti   F3xx_USB0_InterruptServiceRo
     0000001B  LF3xx_USB0_InterruptServiceRouti   F3xx_USB0_InterruptServiceRo
     0000001B  _Fifo_Read_PARM_2                  F3xx_USB0_InterruptServiceRo
     0000001B  _Fifo_Write_Foreground_PARM_2      F3xx_USB0_InterruptServiceRo
     0000001B  _Fifo_Write_InterruptServiceRout   F3xx_USB0_InterruptServiceRo
     0000001B  __gptrput_PARM_2                   _gptrput
     0000001D  LF3xx_USB0_InterruptServiceRouti   F3xx_USB0_InterruptServiceRo
     0000001D  LF3xx_USB0_InterruptServiceRouti   F3xx_USB0_InterruptServiceRo
     0000001D  LF3xx_USB0_InterruptServiceRouti   F3xx_USB0_InterruptServiceRo
     0000001D  _Fifo_Read_PARM_3                  F3xx_USB0_InterruptServiceRo
     0000001D  _Fifo_Write_Foreground_PARM_3      F3xx_USB0_InterruptServiceRo
     0000001D  _Fifo_Write_InterruptServiceRout   F3xx_USB0_InterruptServiceRo
ASxxxx Linker V03.00 + NoICE + sdld,  page 12.
Hexadecimal  [32-Bits]

Area                                    Addr        Size        Decimal Bytes (Attributes)
--------------------------------        ----        ----        ------- ----- ------------
SSEG                                00000034    000000CC =         204. bytes (REL,OVR)

      Value  Global                              Global Defined In Module
      -----  --------------------------------   ------------------------
     00000034  __start__stack                     F3xx_USB0_Main

ASxxxx Linker V03.00 + NoICE + sdld,  page 13.
Hexadecimal  [32-Bits]

Area                                    Addr        Size        Decimal Bytes (Attributes)
--------------------------------        ----        ----        ------- ----- ------------
HOME                                00000000    00000008 =           8. bytes (REL,CON,CODE)

      Value  Global                              Global Defined In Module
      -----  --------------------------------   ------------------------
C:   00000000  A$F3xx_USB0_Main$344               F3xx_USB0_Main
C:   00000003  A$F3xx_USB0_Main$366               F3xx_USB0_Main
C:   00000003  __sdcc_program_startup             F3xx_USB0_Main
C:   00000006  A$F3xx_USB0_Main$368               F3xx_USB0_Main

ASxxxx Linker V03.00 + NoICE + sdld,  page 14.
Hexadecimal  [32-Bits]

Area                                    Addr        Size        Decimal Bytes (Attributes)
--------------------------------        ----        ----        ------- ----- ------------
GSINIT0                             00000008    00000003 =           3. bytes (REL,CON,CODE)

      Value  Global                              Global Defined In Module
      -----  --------------------------------   ------------------------
C:   00000008  __sdcc_gsinit_startup              

ASxxxx Linker V03.00 + NoICE + sdld,  page 15.
Hexadecimal  [32-Bits]

Area                                    Addr        Size        Decimal Bytes (Attributes)
--------------------------------        ----        ----        ------- ----- ------------
GSINIT2                             0000000B    0000000A =          10. bytes (REL,CON,CODE)

      Value  Global                              Global Defined In Module
      -----  --------------------------------   ------------------------
ASxxxx Linker V03.00 + NoICE + sdld,  page 16.
Hexadecimal  [32-Bits]

Area                                    Addr        Size        Decimal Bytes (Attributes)
--------------------------------        ----        ----        ------- ----- ------------
GSINIT3                             00000015    00000022 =          34. bytes (REL,CON,CODE)

      Value  Global                              Global Defined In Module
      -----  --------------------------------   ------------------------
C:   00000015  __mcs51_genXINIT                   

ASxxxx Linker V03.00 + NoICE + sdld,  page 17.
Hexadecimal  [32-Bits]

Area                                    Addr        Size        Decimal Bytes (Attributes)
--------------------------------        ----        ----        ------- ----- ------------
GSINIT4                             00000037    0000002A =          42. bytes (REL,CON,CODE)

      Value  Global                              Global Defined In Module
      -----  --------------------------------   ------------------------
C:   00000037  __mcs51_genRAMCLEAR                
C:   0000003D  __mcs51_genXRAMCLEAR               

ASxxxx Linker V03.00 + NoICE + sdld,  page 18.
Hexadecimal  [32-Bits]

Area                                    Addr        Size        Decimal Bytes (Attributes)
--------------------------------        ----        ----        ------- ----- ------------
GSINIT                              00000061    00000018 =          24. bytes (REL,CON,CODE)

      Value  Global                              Global Defined In Module
      -----  --------------------------------   ------------------------
C:   00000061  A$F3xx_USB0_InterruptServiceRout   F3xx_USB0_InterruptServiceRo
C:   00000061  C$F3xx_USB0_InterruptServiceRout   F3xx_USB0_InterruptServiceRo
C:   00000064  A$F3xx_USB0_InterruptServiceRout   F3xx_USB0_InterruptServiceRo
C:   00000067  A$F3xx_USB0_InterruptServiceRout   F3xx_USB0_InterruptServiceRo
C:   0000006A  A$F3xx_USB0_ReportHandler$360      F3xx_USB0_ReportHandler
C:   0000006A  C$F3xx_USB0_ReportHandler.c$107$   F3xx_USB0_ReportHandler
C:   0000006D  A$F326_USB0_Mouse$377              F326_USB0_Mouse
C:   0000006D  C$F326_USB0_Mouse.c$86$1$41        F326_USB0_Mouse
C:   00000070  A$F326_USB0_Mouse$380              F326_USB0_Mouse
C:   00000070  C$F326_USB0_Mouse.c$87$1$41        F326_USB0_Mouse
C:   00000073  A$F326_USB0_Mouse$383              F326_USB0_Mouse
C:   00000073  C$F326_USB0_Mouse.c$89$1$41        F326_USB0_Mouse
C:   00000076  A$F326_USB0_Mouse$386              F326_USB0_Mouse
C:   00000076  C$F326_USB0_Mouse.c$90$1$41        F326_USB0_Mouse

ASxxxx Linker V03.00 + NoICE + sdld,  page 19.
Hexadecimal  [32-Bits]

Area                                    Addr        Size        Decimal Bytes (Attributes)
--------------------------------        ----        ----        ------- ----- ------------
GSFINAL                             00000079    00000003 =           3. bytes (REL,CON,CODE)

      Value  Global                              Global Defined In Module
      -----  --------------------------------   ------------------------
C:   00000079  A$F3xx_USB0_Main$359               F3xx_USB0_Main

ASxxxx Linker V03.00 + NoICE + sdld,  page 20.
Hexadecimal  [32-Bits]

Area                                    Addr        Size        Decimal Bytes (Attributes)
--------------------------------        ----        ----        ------- ----- ------------
CSEG                                0000007C    00000C79 =        3193. bytes (REL,CON,CODE)

      Value  Global                              Global Defined In Module
      -----  --------------------------------   ------------------------
C:   0000007C  A$F3xx_USB0_Main$393               F3xx_USB0_Main
C:   0000007C  C$F3xx_USB0_Main.c$46$0$0          F3xx_USB0_Main
C:   0000007C  C$F3xx_USB0_Main.c$48$1$22         F3xx_USB0_Main
C:   0000007C  G$main$0$0                         F3xx_USB0_Main
C:   0000007C  _main                              F3xx_USB0_Main
C:   0000007F  A$F3xx_USB0_Main$396               F3xx_USB0_Main
C:   0000007F  C$F3xx_USB0_Main.c$49$1$22         F3xx_USB0_Main
C:   00000082  A$F3xx_USB0_Main$399               F3xx_USB0_Main
C:   00000082  C$F3xx_USB0_Main.c$51$1$22         F3xx_USB0_Main
C:   00000084  A$F3xx_USB0_Main$405               F3xx_USB0_Main
C:   00000084  C$F3xx_USB0_Main.c$52$1$22         F3xx_USB0_Main
C:   00000084  C$F3xx_USB0_Main.c$54$2$23         F3xx_USB0_Main
C:   00000087  A$F3xx_USB0_Main$406               F3xx_USB0_Main
C:   0000008A  A$F3xx_USB0_Main$407               F3xx_USB0_Main
C:   0000008C  A$F3xx_USB0_Main$410               F3xx_USB0_Main
C:   0000008C  C$F3xx_USB0_Main.c$56$1$22         F3xx_USB0_Main
C:   0000008C  XG$main$0$0                        F3xx_USB0_Main
C:   0000008D  A$F3xx_USB0_InterruptServiceRout   F3xx_USB0_InterruptServiceRo
C:   0000008D  C$F3xx_USB0_InterruptServiceRout   F3xx_USB0_InterruptServiceRo
C:   0000008D  G$Usb_ISR$0$0                      F3xx_USB0_InterruptServiceRo
C:   0000008D  _Usb_ISR                           F3xx_USB0_InterruptServiceRo
C:   0000008F  A$F3xx_USB0_InterruptServiceRout   F3xx_USB0_InterruptServiceRo
C:   00000091  A$F3xx_USB0_InterruptServiceRout   F3xx_USB0_InterruptServiceRo
C:   00000093  A$F3xx_USB0_InterruptServiceRout   F3xx_USB0_InterruptServiceRo
C:   00000095  A$F3xx_USB0_InterruptServiceRout   F3xx_USB0_InterruptServiceRo
C:   00000097  A$F3xx_USB0_InterruptServiceRout   F3xx_USB0_InterruptServiceRo
C:   00000099  A$F3xx_USB0_InterruptServiceRout   F3xx_USB0_InterruptServiceRo
C:   0000009B  A$F3xx_USB0_InterruptServiceRout   F3xx_USB0_InterruptServiceRo
C:   0000009D  A$F3xx_USB0_InterruptServiceRout   F3xx_USB0_InterruptServiceRo
C:   0000009F  A$F3xx_USB0_InterruptServiceRout   F3xx_USB0_InterruptServiceRo
C:   000000A1  A$F3xx_USB0_InterruptServiceRout   F3xx_USB0_InterruptServiceRo
C:   000000A3  A$F3xx_USB0_InterruptServiceRout   F3xx_USB0_InterruptServiceRo
C:   000000A5  A$F3xx_USB0_InterruptServiceRout   F3xx_USB0_InterruptServiceRo
C:   000000A7  A$F3xx_USB0_InterruptServiceRout   F3xx_USB0_InterruptServiceRo
C:   000000A9  A$F3xx_USB0_InterruptServiceRout   F3xx_USB0_InterruptServiceRo
C:   000000AC  A$F3xx_USB0_InterruptServiceRout   F3xx_USB0_InterruptServiceRo
C:   000000AC  C$F3xx_USB0_InterruptServiceRout   F3xx_USB0_InterruptServiceRo
C:   000000AE  A$F3xx_USB0_InterruptServiceRout   F3xx_USB0_InterruptServiceRo
C:   000000B1  A$F3xx_USB0_InterruptServiceRout   F3xx_USB0_InterruptServiceRo
C:   000000B4  A$F3xx_USB0_InterruptServiceRout   F3xx_USB0_InterruptServiceRo
C:   000000B6  A$F3xx_USB0_InterruptServiceRout   F3xx_USB0_InterruptServiceRo
C:   000000B9  A$F3xx_USB0_InterruptServiceRout   F3xx_USB0_InterruptServiceRo
C:   000000BB  A$F3xx_USB0_InterruptServiceRout   F3xx_USB0_InterruptServiceRo
C:   000000BB  C$F3xx_USB0_InterruptServiceRout   F3xx_USB0_InterruptServiceRo
C:   000000BD  A$F3xx_USB0_InterruptServiceRout   F3xx_USB0_InterruptServiceRo
C:   000000C0  A$F3xx_USB0_InterruptServiceRout   F3xx_USB0_InterruptServiceRo
C:   000000C3  A$F3xx_USB0_InterruptServiceRout   F3xx_USB0_InterruptServiceRo
C:   000000C5  A$F3xx_USB0_InterruptServiceRout   F3xx_USB0_InterruptServiceRo
C:   000000C8  A$F3xx_USB0_InterruptServiceRout   F3xx_USB0_InterruptServiceRo
C:   000000CA  A$F3xx_USB0_InterruptServiceRout   F3xx_USB0_InterruptServiceRo
ASxxxx Linker V03.00 + NoICE + sdld,  page 21.
Hexadecimal  [32-Bits]

Area                                    Addr        Size        Decimal Bytes (Attributes)
--------------------------------        ----        ----        ------- ----- ------------
CSEG                                0000007C    00000C79 =        3193. bytes (REL,CON,CODE)

      Value  Global                              Global Defined In Module
      -----  --------------------------------   ------------------------
C:   000000CA  C$F3xx_USB0_InterruptServiceRout   F3xx_USB0_InterruptServiceRo
C:   000000CC  A$F3xx_USB0_InterruptServiceRout   F3xx_USB0_InterruptServiceRo
C:   000000CF  A$F3xx_USB0_InterruptServiceRout   F3xx_USB0_InterruptServiceRo
C:   000000D2  A$F3xx_USB0_InterruptServiceRout   F3xx_USB0_InterruptServiceRo
C:   000000D4  A$F3xx_USB0_InterruptServiceRout   F3xx_USB0_InterruptServiceRo
C:   000000D7  A$F3xx_USB0_InterruptServiceRout   F3xx_USB0_InterruptServiceRo
C:   000000D9  A$F3xx_USB0_InterruptServiceRout   F3xx_USB0_InterruptServiceRo
C:   000000D9  C$F3xx_USB0_InterruptServiceRout   F3xx_USB0_InterruptServiceRo
C:   000000DA  A$F3xx_USB0_InterruptServiceRout   F3xx_USB0_InterruptServiceRo
C:   000000DD  A$F3xx_USB0_InterruptServiceRout   F3xx_USB0_InterruptServiceRo
C:   000000DD  C$F3xx_USB0_InterruptServiceRout   F3xx_USB0_InterruptServiceRo
C:   000000DF  A$F3xx_USB0_InterruptServiceRout   F3xx_USB0_InterruptServiceRo
C:   000000E1  A$F3xx_USB0_InterruptServiceRout   F3xx_USB0_InterruptServiceRo
C:   000000E3  A$F3xx_USB0_InterruptServiceRout   F3xx_USB0_InterruptServiceRo
C:   000000E6  A$F3xx_USB0_InterruptServiceRout   F3xx_USB0_InterruptServiceRo
C:   000000E8  A$F3xx_USB0_InterruptServiceRout   F3xx_USB0_InterruptServiceRo
C:   000000EA  A$F3xx_USB0_InterruptServiceRout   F3xx_USB0_InterruptServiceRo
C:   000000EC  A$F3xx_USB0_InterruptServiceRout   F3xx_USB0_InterruptServiceRo
C:   000000EC  C$F3xx_USB0_InterruptServiceRout   F3xx_USB0_InterruptServiceRo
C:   000000ED  A$F3xx_USB0_InterruptServiceRout   F3xx_USB0_InterruptServiceRo
C:   000000F0  A$F3xx_USB0_InterruptServiceRout   F3xx_USB0_InterruptServiceRo
C:   000000F0  C$F3xx_USB0_InterruptServiceRout   F3xx_USB0_InterruptServiceRo
C:   000000F2  A$F3xx_USB0_InterruptServiceRout   F3xx_USB0_InterruptServiceRo
C:   000000F4  A$F3xx_USB0_InterruptServiceRout   F3xx_USB0_InterruptServiceRo
C:   000000F6  A$F3xx_USB0_InterruptServiceRout   F3xx_USB0_InterruptServiceRo
C:   000000F9  A$F3xx_USB0_InterruptServiceRout   F3xx_USB0_InterruptServiceRo
C:   000000FB  A$F3xx_USB0_InterruptServiceRout   F3xx_USB0_InterruptServiceRo
C:   000000FD  A$F3xx_USB0_InterruptServiceRout   F3xx_USB0_InterruptServiceRo
C:   000000FF  A$F3xx_USB0_InterruptServiceRout   F3xx_USB0_InterruptServiceRo
C:   000000FF  C$F3xx_USB0_InterruptServiceRout   F3xx_USB0_InterruptServiceRo
C:   00000100  A$F3xx_USB0_InterruptServiceRout   F3xx_USB0_InterruptServiceRo
C:   00000103  A$F3xx_USB0_InterruptServiceRout   F3xx_USB0_InterruptServiceRo
C:   00000103  C$F3xx_USB0_InterruptServiceRout   F3xx_USB0_InterruptServiceRo
C:   00000105  A$F3xx_USB0_InterruptServiceRout   F3xx_USB0_InterruptServiceRo
C:   00000107  A$F3xx_USB0_InterruptServiceRout   F3xx_USB0_InterruptServiceRo
C:   00000109  A$F3xx_USB0_InterruptServiceRout   F3xx_USB0_InterruptServiceRo
C:   0000010C  A$F3xx_USB0_InterruptServiceRout   F3xx_USB0_InterruptServiceRo
C:   0000010E  A$F3xx_USB0_InterruptServiceRout   F3xx_USB0_InterruptServiceRo
C:   00000110  A$F3xx_USB0_InterruptServiceRout   F3xx_USB0_InterruptServiceRo
C:   00000112  A$F3xx_USB0_InterruptServiceRout   F3xx_USB0_InterruptServiceRo
C:   00000112  C$F3xx_USB0_InterruptServiceRout   F3xx_USB0_InterruptServiceRo
C:   00000113  A$F3xx_USB0_InterruptServiceRout   F3xx_USB0_InterruptServiceRo
C:   00000116  A$F3xx_USB0_InterruptServiceRout   F3xx_USB0_InterruptServiceRo
C:   00000116  C$F3xx_USB0_InterruptServiceRout   F3xx_USB0_InterruptServiceRo
C:   00000118  A$F3xx_USB0_InterruptServiceRout   F3xx_USB0_InterruptServiceRo
C:   0000011A  A$F3xx_USB0_InterruptServiceRout   F3xx_USB0_InterruptServiceRo
C:   0000011D  A$F3xx_USB0_InterruptServiceRout   F3xx_USB0_InterruptServiceRo
C:   0000011F  A$F3xx_USB0_InterruptServiceRout   F3xx_USB0_InterruptServiceRo
C:   00000121  A$F3xx_USB0_InterruptServiceRout   F3xx_USB0_InterruptServiceRo
C:   00000121  C$F3xx_USB0_InterruptServiceRout   F3xx_USB0_InterruptServiceRo
C:   00000122  A$F3xx_USB0_InterruptServiceRout   F3xx_USB0_InterruptServiceRo
ASxxxx Linker V03.00 + NoICE + sdld,  page 22.
Hexadecimal  [32-Bits]

Area                                    Addr        Size        Decimal Bytes (Attributes)
--------------------------------        ----        ----        ------- ----- ------------
CSEG                                0000007C    00000C79 =        3193. bytes (REL,CON,CODE)

      Value  Global                              Global Defined In Module
      -----  --------------------------------   ------------------------
C:   00000125  A$F3xx_USB0_InterruptServiceRout   F3xx_USB0_InterruptServiceRo
C:   00000125  C$F3xx_USB0_InterruptServiceRout   F3xx_USB0_InterruptServiceRo
C:   00000127  A$F3xx_USB0_InterruptServiceRout   F3xx_USB0_InterruptServiceRo
C:   0000012A  A$F3xx_USB0_InterruptServiceRout   F3xx_USB0_InterruptServiceRo
C:   0000012C  A$F3xx_USB0_InterruptServiceRout   F3xx_USB0_InterruptServiceRo
C:   0000012C  C$F3xx_USB0_InterruptServiceRout   F3xx_USB0_InterruptServiceRo
C:   0000012D  A$F3xx_USB0_InterruptServiceRout   F3xx_USB0_InterruptServiceRo
C:   00000130  A$F3xx_USB0_InterruptServiceRout   F3xx_USB0_InterruptServiceRo
C:   00000130  C$F3xx_USB0_InterruptServiceRout   F3xx_USB0_InterruptServiceRo
C:   00000133  A$F3xx_USB0_InterruptServiceRout   F3xx_USB0_InterruptServiceRo
C:   00000135  A$F3xx_USB0_InterruptServiceRout   F3xx_USB0_InterruptServiceRo
C:   00000137  A$F3xx_USB0_InterruptServiceRout   F3xx_USB0_InterruptServiceRo
C:   00000139  A$F3xx_USB0_InterruptServiceRout   F3xx_USB0_InterruptServiceRo
C:   0000013B  A$F3xx_USB0_InterruptServiceRout   F3xx_USB0_InterruptServiceRo
C:   0000013D  A$F3xx_USB0_InterruptServiceRout   F3xx_USB0_InterruptServiceRo
C:   0000013F  A$F3xx_USB0_InterruptServiceRout   F3xx_USB0_InterruptServiceRo
C:   00000141  A$F3xx_USB0_InterruptServiceRout   F3xx_USB0_InterruptServiceRo
C:   00000143  A$F3xx_USB0_InterruptServiceRout   F3xx_USB0_InterruptServiceRo
C:   00000145  A$F3xx_USB0_InterruptServiceRout   F3xx_USB0_InterruptServiceRo
C:   00000147  A$F3xx_USB0_InterruptServiceRout   F3xx_USB0_InterruptServiceRo
C:   00000149  A$F3xx_USB0_InterruptServiceRout   F3xx_USB0_InterruptServiceRo
C:   0000014B  A$F3xx_USB0_InterruptServiceRout   F3xx_USB0_InterruptServiceRo
C:   0000014D  A$F3xx_USB0_InterruptServiceRout   F3xx_USB0_InterruptServiceRo
C:   0000014F  A$F3xx_USB0_InterruptServiceRout   F3xx_USB0_InterruptServiceRo
C:   0000014F  C$F3xx_USB0_InterruptServiceRout   F3xx_USB0_InterruptServiceRo
C:   0000014F  XG$Usb_ISR$0$0                     F3xx_USB0_InterruptServiceRo
C:   00000150  A$F3xx_USB0_InterruptServiceRout   F3xx_USB0_InterruptServiceRo
C:   00000150  C$F3xx_USB0_InterruptServiceRout   F3xx_USB0_InterruptServiceRo
C:   00000150  C$F3xx_USB0_InterruptServiceRout   F3xx_USB0_InterruptServiceRo
C:   00000150  G$Usb_Reset$0$0                    F3xx_USB0_InterruptServiceRo
C:   00000150  _Usb_Reset                         F3xx_USB0_InterruptServiceRo
C:   00000153  A$F3xx_USB0_InterruptServiceRout   F3xx_USB0_InterruptServiceRo
C:   00000153  C$F3xx_USB0_InterruptServiceRout   F3xx_USB0_InterruptServiceRo
C:   00000155  A$F3xx_USB0_InterruptServiceRout   F3xx_USB0_InterruptServiceRo
C:   00000158  A$F3xx_USB0_InterruptServiceRout   F3xx_USB0_InterruptServiceRo
C:   0000015B  A$F3xx_USB0_InterruptServiceRout   F3xx_USB0_InterruptServiceRo
C:   0000015E  A$F3xx_USB0_InterruptServiceRout   F3xx_USB0_InterruptServiceRo
C:   0000015E  C$F3xx_USB0_InterruptServiceRout   F3xx_USB0_InterruptServiceRo
C:   00000161  A$F3xx_USB0_InterruptServiceRout   F3xx_USB0_InterruptServiceRo
C:   00000161  C$F3xx_USB0_InterruptServiceRout   F3xx_USB0_InterruptServiceRo
C:   00000164  A$F3xx_USB0_InterruptServiceRout   F3xx_USB0_InterruptServiceRo
C:   00000164  C$F3xx_USB0_InterruptServiceRout   F3xx_USB0_InterruptServiceRo
C:   00000167  A$F3xx_USB0_InterruptServiceRout   F3xx_USB0_InterruptServiceRo
C:   00000167  C$F3xx_USB0_InterruptServiceRout   F3xx_USB0_InterruptServiceRo
C:   00000167  XG$Usb_Reset$0$0                   F3xx_USB0_InterruptServiceRo
C:   00000168  A$F3xx_USB0_InterruptServiceRout   F3xx_USB0_InterruptServiceRo
C:   00000168  C$F3xx_USB0_InterruptServiceRout   F3xx_USB0_InterruptServiceRo
C:   00000168  C$F3xx_USB0_InterruptServiceRout   F3xx_USB0_InterruptServiceRo
C:   00000168  G$Usb_Resume$0$0                   F3xx_USB0_InterruptServiceRo
C:   00000168  _Usb_Resume                        F3xx_USB0_InterruptServiceRo
C:   0000016A  A$F3xx_USB0_InterruptServiceRout   F3xx_USB0_InterruptServiceRo
ASxxxx Linker V03.00 + NoICE + sdld,  page 23.
Hexadecimal  [32-Bits]

Area                                    Addr        Size        Decimal Bytes (Attributes)
--------------------------------        ----        ----        ------- ----- ------------
CSEG                                0000007C    00000C79 =        3193. bytes (REL,CON,CODE)

      Value  Global                              Global Defined In Module
      -----  --------------------------------   ------------------------
C:   0000016C  A$F3xx_USB0_InterruptServiceRout   F3xx_USB0_InterruptServiceRo
C:   0000016E  A$F3xx_USB0_InterruptServiceRout   F3xx_USB0_InterruptServiceRo
C:   0000016F  A$F3xx_USB0_InterruptServiceRout   F3xx_USB0_InterruptServiceRo
C:   00000171  A$F3xx_USB0_InterruptServiceRout   F3xx_USB0_InterruptServiceRo
C:   00000173  A$F3xx_USB0_InterruptServiceRout   F3xx_USB0_InterruptServiceRo
C:   00000173  C$F3xx_USB0_InterruptServiceRout   F3xx_USB0_InterruptServiceRo
C:   00000173  XG$Usb_Resume$0$0                  F3xx_USB0_InterruptServiceRo
C:   00000174  A$F3xx_USB0_InterruptServiceRout   F3xx_USB0_InterruptServiceRo
C:   00000174  C$F3xx_USB0_InterruptServiceRout   F3xx_USB0_InterruptServiceRo
C:   00000174  C$F3xx_USB0_InterruptServiceRout   F3xx_USB0_InterruptServiceRo
C:   00000174  G$Handle_Control$0$0               F3xx_USB0_InterruptServiceRo
C:   00000174  _Handle_Control                    F3xx_USB0_InterruptServiceRo
C:   00000176  A$F3xx_USB0_InterruptServiceRout   F3xx_USB0_InterruptServiceRo
C:   00000179  A$F3xx_USB0_InterruptServiceRout   F3xx_USB0_InterruptServiceRo
C:   0000017C  A$F3xx_USB0_InterruptServiceRout   F3xx_USB0_InterruptServiceRo
C:   0000017F  A$F3xx_USB0_InterruptServiceRout   F3xx_USB0_InterruptServiceRo
C:   0000017F  C$F3xx_USB0_InterruptServiceRout   F3xx_USB0_InterruptServiceRo
C:   00000181  A$F3xx_USB0_InterruptServiceRout   F3xx_USB0_InterruptServiceRo
C:   00000184  A$F3xx_USB0_InterruptServiceRout   F3xx_USB0_InterruptServiceRo
C:   00000187  A$F3xx_USB0_InterruptServiceRout   F3xx_USB0_InterruptServiceRo
C:   00000189  A$F3xx_USB0_InterruptServiceRout   F3xx_USB0_InterruptServiceRo
C:   0000018C  A$F3xx_USB0_InterruptServiceRout   F3xx_USB0_InterruptServiceRo
C:   0000018E  A$F3xx_USB0_InterruptServiceRout   F3xx_USB0_InterruptServiceRo
C:   0000018E  C$F3xx_USB0_InterruptServiceRout   F3xx_USB0_InterruptServiceRo
C:   00000190  A$F3xx_USB0_InterruptServiceRout   F3xx_USB0_InterruptServiceRo
C:   00000193  A$F3xx_USB0_InterruptServiceRout   F3xx_USB0_InterruptServiceRo
C:   00000193  C$F3xx_USB0_InterruptServiceRout   F3xx_USB0_InterruptServiceRo
C:   00000195  A$F3xx_USB0_InterruptServiceRout   F3xx_USB0_InterruptServiceRo
C:   00000198  A$F3xx_USB0_InterruptServiceRout   F3xx_USB0_InterruptServiceRo
C:   0000019B  A$F3xx_USB0_InterruptServiceRout   F3xx_USB0_InterruptServiceRo
C:   0000019E  A$F3xx_USB0_InterruptServiceRout   F3xx_USB0_InterruptServiceRo
C:   0000019E  C$F3xx_USB0_InterruptServiceRout   F3xx_USB0_InterruptServiceRo
C:   000001A1  A$F3xx_USB0_InterruptServiceRout   F3xx_USB0_InterruptServiceRo
C:   000001A1  C$F3xx_USB0_InterruptServiceRout   F3xx_USB0_InterruptServiceRo
C:   000001A2  A$F3xx_USB0_InterruptServiceRout   F3xx_USB0_InterruptServiceRo
C:   000001A5  A$F3xx_USB0_InterruptServiceRout   F3xx_USB0_InterruptServiceRo
C:   000001A5  C$F3xx_USB0_InterruptServiceRout   F3xx_USB0_InterruptServiceRo
C:   000001A7  A$F3xx_USB0_InterruptServiceRout   F3xx_USB0_InterruptServiceRo
C:   000001AA  A$F3xx_USB0_InterruptServiceRout   F3xx_USB0_InterruptServiceRo
C:   000001AD  A$F3xx_USB0_InterruptServiceRout   F3xx_USB0_InterruptServiceRo
C:   000001B0  A$F3xx_USB0_InterruptServiceRout   F3xx_USB0_InterruptServiceRo
C:   000001B0  C$F3xx_USB0_InterruptServiceRout   F3xx_USB0_InterruptServiceRo
C:   000001B3  A$F3xx_USB0_InterruptServiceRout   F3xx_USB0_InterruptServiceRo
C:   000001B3  C$F3xx_USB0_InterruptServiceRout   F3xx_USB0_InterruptServiceRo
C:   000001B6  A$F3xx_USB0_InterruptServiceRout   F3xx_USB0_InterruptServiceRo
C:   000001B6  C$F3xx_USB0_InterruptServiceRout   F3xx_USB0_InterruptServiceRo
C:   000001B7  A$F3xx_USB0_InterruptServiceRout   F3xx_USB0_InterruptServiceRo
C:   000001BA  A$F3xx_USB0_InterruptServiceRout   F3xx_USB0_InterruptServiceRo
C:   000001BA  C$F3xx_USB0_InterruptServiceRout   F3xx_USB0_InterruptServiceRo
C:   000001BC  A$F3xx_USB0_InterruptServiceRout   F3xx_USB0_InterruptServiceRo
C:   000001BF  A$F3xx_USB0_InterruptServiceRout   F3xx_USB0_InterruptServiceRo
ASxxxx Linker V03.00 + NoICE + sdld,  page 24.
Hexadecimal  [32-Bits]

Area                                    Addr        Size        Decimal Bytes (Attributes)
--------------------------------        ----        ----        ------- ----- ------------
CSEG                                0000007C    00000C79 =        3193. bytes (REL,CON,CODE)

      Value  Global                              Global Defined In Module
      -----  --------------------------------   ------------------------
C:   000001C2  A$F3xx_USB0_InterruptServiceRout   F3xx_USB0_InterruptServiceRo
C:   000001C5  A$F3xx_USB0_InterruptServiceRout   F3xx_USB0_InterruptServiceRo
C:   000001C5  C$F3xx_USB0_InterruptServiceRout   F3xx_USB0_InterruptServiceRo
C:   000001C7  A$F3xx_USB0_InterruptServiceRout   F3xx_USB0_InterruptServiceRo
C:   000001CA  A$F3xx_USB0_InterruptServiceRout   F3xx_USB0_InterruptServiceRo
C:   000001CD  A$F3xx_USB0_InterruptServiceRout   F3xx_USB0_InterruptServiceRo
C:   000001D0  A$F3xx_USB0_InterruptServiceRout   F3xx_USB0_InterruptServiceRo
C:   000001D0  C$F3xx_USB0_InterruptServiceRout   F3xx_USB0_InterruptServiceRo
C:   000001D3  A$F3xx_USB0_InterruptServiceRout   F3xx_USB0_InterruptServiceRo
C:   000001D3  C$F3xx_USB0_InterruptServiceRout   F3xx_USB0_InterruptServiceRo
C:   000001D5  A$F3xx_USB0_InterruptServiceRout   F3xx_USB0_InterruptServiceRo
C:   000001D7  A$F3xx_USB0_InterruptServiceRout   F3xx_USB0_InterruptServiceRo
C:   000001DA  A$F3xx_USB0_InterruptServiceRout   F3xx_USB0_InterruptServiceRo
C:   000001DA  C$F3xx_USB0_InterruptServiceRout   F3xx_USB0_InterruptServiceRo
C:   000001DB  A$F3xx_USB0_InterruptServiceRout   F3xx_USB0_InterruptServiceRo
C:   000001DE  A$F3xx_USB0_InterruptServiceRout   F3xx_USB0_InterruptServiceRo
C:   000001E1  A$F3xx_USB0_InterruptServiceRout   F3xx_USB0_InterruptServiceRo
C:   000001E1  C$F3xx_USB0_InterruptServiceRout   F3xx_USB0_InterruptServiceRo
C:   000001E3  A$F3xx_USB0_InterruptServiceRout   F3xx_USB0_InterruptServiceRo
C:   000001E5  A$F3xx_USB0_InterruptServiceRout   F3xx_USB0_InterruptServiceRo
C:   000001E8  A$F3xx_USB0_InterruptServiceRout   F3xx_USB0_InterruptServiceRo
C:   000001EB  A$F3xx_USB0_InterruptServiceRout   F3xx_USB0_InterruptServiceRo
C:   000001EE  A$F3xx_USB0_InterruptServiceRout   F3xx_USB0_InterruptServiceRo
C:   000001F1  A$F3xx_USB0_InterruptServiceRout   F3xx_USB0_InterruptServiceRo
C:   000001F4  A$F3xx_USB0_InterruptServiceRout   F3xx_USB0_InterruptServiceRo
C:   000001F6  A$F3xx_USB0_InterruptServiceRout   F3xx_USB0_InterruptServiceRo
C:   000001F9  A$F3xx_USB0_InterruptServiceRout   F3xx_USB0_InterruptServiceRo
C:   000001FB  A$F3xx_USB0_InterruptServiceRout   F3xx_USB0_InterruptServiceRo
C:   000001FB  C$F3xx_USB0_InterruptServiceRout   F3xx_USB0_InterruptServiceRo
C:   000001FD  A$F3xx_USB0_InterruptServiceRout   F3xx_USB0_InterruptServiceRo
C:   000001FF  A$F3xx_USB0_InterruptServiceRout   F3xx_USB0_InterruptServiceRo
C:   00000201  A$F3xx_USB0_InterruptServiceRout   F3xx_USB0_InterruptServiceRo
C:   00000203  A$F3xx_USB0_InterruptServiceRout   F3xx_USB0_InterruptServiceRo
C:   00000204  A$F3xx_USB0_InterruptServiceRout   F3xx_USB0_InterruptServiceRo
C:   00000205  A$F3xx_USB0_InterruptServiceRout   F3xx_USB0_InterruptServiceRo
C:   00000206  A$F3xx_USB0_InterruptServiceRout   F3xx_USB0_InterruptServiceRo
C:   00000207  A$F3xx_USB0_InterruptServiceRout   F3xx_USB0_InterruptServiceRo
C:   00000208  A$F3xx_USB0_InterruptServiceRout   F3xx_USB0_InterruptServiceRo
C:   00000209  A$F3xx_USB0_InterruptServiceRout   F3xx_USB0_InterruptServiceRo
C:   0000020B  A$F3xx_USB0_InterruptServiceRout   F3xx_USB0_InterruptServiceRo
C:   0000020D  A$F3xx_USB0_InterruptServiceRout   F3xx_USB0_InterruptServiceRo
C:   0000020D  C$F3xx_USB0_InterruptServiceRout   F3xx_USB0_InterruptServiceRo
C:   0000020F  A$F3xx_USB0_InterruptServiceRout   F3xx_USB0_InterruptServiceRo
C:   00000211  A$F3xx_USB0_InterruptServiceRout   F3xx_USB0_InterruptServiceRo
C:   00000213  A$F3xx_USB0_InterruptServiceRout   F3xx_USB0_InterruptServiceRo
C:   00000215  A$F3xx_USB0_InterruptServiceRout   F3xx_USB0_InterruptServiceRo
C:   00000216  A$F3xx_USB0_InterruptServiceRout   F3xx_USB0_InterruptServiceRo
C:   00000217  A$F3xx_USB0_InterruptServiceRout   F3xx_USB0_InterruptServiceRo
C:   00000218  A$F3xx_USB0_InterruptServiceRout   F3xx_USB0_InterruptServiceRo
C:   00000219  A$F3xx_USB0_InterruptServiceRout   F3xx_USB0_InterruptServiceRo
C:   0000021A  A$F3xx_USB0_InterruptServiceRout   F3xx_USB0_InterruptServiceRo
ASxxxx Linker V03.00 + NoICE + sdld,  page 25.
Hexadecimal  [32-Bits]

Area                                    Addr        Size        Decimal Bytes (Attributes)
--------------------------------        ----        ----        ------- ----- ------------
CSEG                                0000007C    00000C79 =        3193. bytes (REL,CON,CODE)

      Value  Global                              Global Defined In Module
      -----  --------------------------------   ------------------------
C:   0000021B  A$F3xx_USB0_InterruptServiceRout   F3xx_USB0_InterruptServiceRo
C:   0000021D  A$F3xx_USB0_InterruptServiceRout   F3xx_USB0_InterruptServiceRo
C:   0000021F  A$F3xx_USB0_InterruptServiceRout   F3xx_USB0_InterruptServiceRo
C:   0000021F  C$F3xx_USB0_InterruptServiceRout   F3xx_USB0_InterruptServiceRo
C:   00000221  A$F3xx_USB0_InterruptServiceRout   F3xx_USB0_InterruptServiceRo
C:   00000223  A$F3xx_USB0_InterruptServiceRout   F3xx_USB0_InterruptServiceRo
C:   00000225  A$F3xx_USB0_InterruptServiceRout   F3xx_USB0_InterruptServiceRo
C:   00000227  A$F3xx_USB0_InterruptServiceRout   F3xx_USB0_InterruptServiceRo
C:   00000228  A$F3xx_USB0_InterruptServiceRout   F3xx_USB0_InterruptServiceRo
C:   00000229  A$F3xx_USB0_InterruptServiceRout   F3xx_USB0_InterruptServiceRo
C:   0000022A  A$F3xx_USB0_InterruptServiceRout   F3xx_USB0_InterruptServiceRo
C:   0000022B  A$F3xx_USB0_InterruptServiceRout   F3xx_USB0_InterruptServiceRo
C:   0000022C  A$F3xx_USB0_InterruptServiceRout   F3xx_USB0_InterruptServiceRo
C:   0000022D  A$F3xx_USB0_InterruptServiceRout   F3xx_USB0_InterruptServiceRo
C:   0000022E  A$F3xx_USB0_InterruptServiceRout   F3xx_USB0_InterruptServiceRo
C:   00000230  A$F3xx_USB0_InterruptServiceRout   F3xx_USB0_InterruptServiceRo
C:   00000232  A$F3xx_USB0_InterruptServiceRout   F3xx_USB0_InterruptServiceRo
C:   00000232  C$F3xx_USB0_InterruptServiceRout   F3xx_USB0_InterruptServiceRo
C:   00000234  A$F3xx_USB0_InterruptServiceRout   F3xx_USB0_InterruptServiceRo
C:   00000236  A$F3xx_USB0_InterruptServiceRout   F3xx_USB0_InterruptServiceRo
C:   00000239  A$F3xx_USB0_InterruptServiceRout   F3xx_USB0_InterruptServiceRo
C:   0000023C  A$F3xx_USB0_InterruptServiceRout   F3xx_USB0_InterruptServiceRo
C:   0000023F  A$F3xx_USB0_InterruptServiceRout   F3xx_USB0_InterruptServiceRo
C:   0000023F  C$F3xx_USB0_InterruptServiceRout   F3xx_USB0_InterruptServiceRo
C:   00000241  A$F3xx_USB0_InterruptServiceRout   F3xx_USB0_InterruptServiceRo
C:   00000244  A$F3xx_USB0_InterruptServiceRout   F3xx_USB0_InterruptServiceRo
C:   00000246  A$F3xx_USB0_InterruptServiceRout   F3xx_USB0_InterruptServiceRo
C:   00000249  A$F3xx_USB0_InterruptServiceRout   F3xx_USB0_InterruptServiceRo
C:   0000024B  A$F3xx_USB0_InterruptServiceRout   F3xx_USB0_InterruptServiceRo
C:   0000024E  A$F3xx_USB0_InterruptServiceRout   F3xx_USB0_InterruptServiceRo
C:   00000250  A$F3xx_USB0_InterruptServiceRout   F3xx_USB0_InterruptServiceRo
C:   00000253  A$F3xx_USB0_InterruptServiceRout   F3xx_USB0_InterruptServiceRo
C:   00000255  A$F3xx_USB0_InterruptServiceRout   F3xx_USB0_InterruptServiceRo
C:   00000258  A$F3xx_USB0_InterruptServiceRout   F3xx_USB0_InterruptServiceRo
C:   0000025A  A$F3xx_USB0_InterruptServiceRout   F3xx_USB0_InterruptServiceRo
C:   0000025A  C$F3xx_USB0_InterruptServiceRout   F3xx_USB0_InterruptServiceRo
C:   0000025D  A$F3xx_USB0_InterruptServiceRout   F3xx_USB0_InterruptServiceRo
C:   0000025F  A$F3xx_USB0_InterruptServiceRout   F3xx_USB0_InterruptServiceRo
C:   0000025F  C$F3xx_USB0_InterruptServiceRout   F3xx_USB0_InterruptServiceRo
C:   00000261  A$F3xx_USB0_InterruptServiceRout   F3xx_USB0_InterruptServiceRo
C:   00000264  A$F3xx_USB0_InterruptServiceRout   F3xx_USB0_InterruptServiceRo
C:   00000266  A$F3xx_USB0_InterruptServiceRout   F3xx_USB0_InterruptServiceRo
C:   00000266  C$F3xx_USB0_InterruptServiceRout   F3xx_USB0_InterruptServiceRo
C:   00000269  A$F3xx_USB0_InterruptServiceRout   F3xx_USB0_InterruptServiceRo
C:   00000269  C$F3xx_USB0_InterruptServiceRout   F3xx_USB0_InterruptServiceRo
C:   00000269  C$F3xx_USB0_InterruptServiceRout   F3xx_USB0_InterruptServiceRo
C:   0000026B  A$F3xx_USB0_InterruptServiceRout   F3xx_USB0_InterruptServiceRo
C:   0000026E  A$F3xx_USB0_InterruptServiceRout   F3xx_USB0_InterruptServiceRo
C:   00000270  A$F3xx_USB0_InterruptServiceRout   F3xx_USB0_InterruptServiceRo
C:   00000270  C$F3xx_USB0_InterruptServiceRout   F3xx_USB0_InterruptServiceRo
C:   00000273  A$F3xx_USB0_InterruptServiceRout   F3xx_USB0_InterruptServiceRo
ASxxxx Linker V03.00 + NoICE + sdld,  page 26.
Hexadecimal  [32-Bits]

Area                                    Addr        Size        Decimal Bytes (Attributes)
--------------------------------        ----        ----        ------- ----- ------------
CSEG                                0000007C    00000C79 =        3193. bytes (REL,CON,CODE)

      Value  Global                              Global Defined In Module
      -----  --------------------------------   ------------------------
C:   00000273  C$F3xx_USB0_InterruptServiceRout   F3xx_USB0_InterruptServiceRo
C:   00000273  C$F3xx_USB0_InterruptServiceRout   F3xx_USB0_InterruptServiceRo
C:   00000275  A$F3xx_USB0_InterruptServiceRout   F3xx_USB0_InterruptServiceRo
C:   00000278  A$F3xx_USB0_InterruptServiceRout   F3xx_USB0_InterruptServiceRo
C:   0000027A  A$F3xx_USB0_InterruptServiceRout   F3xx_USB0_InterruptServiceRo
C:   0000027A  C$F3xx_USB0_InterruptServiceRout   F3xx_USB0_InterruptServiceRo
C:   0000027D  A$F3xx_USB0_InterruptServiceRout   F3xx_USB0_InterruptServiceRo
C:   0000027D  C$F3xx_USB0_InterruptServiceRout   F3xx_USB0_InterruptServiceRo
C:   0000027D  C$F3xx_USB0_InterruptServiceRout   F3xx_USB0_InterruptServiceRo
C:   0000027F  A$F3xx_USB0_InterruptServiceRout   F3xx_USB0_InterruptServiceRo
C:   00000282  A$F3xx_USB0_InterruptServiceRout   F3xx_USB0_InterruptServiceRo
C:   00000284  A$F3xx_USB0_InterruptServiceRout   F3xx_USB0_InterruptServiceRo
C:   00000284  C$F3xx_USB0_InterruptServiceRout   F3xx_USB0_InterruptServiceRo
C:   00000287  A$F3xx_USB0_InterruptServiceRout   F3xx_USB0_InterruptServiceRo
C:   00000287  C$F3xx_USB0_InterruptServiceRout   F3xx_USB0_InterruptServiceRo
C:   00000287  C$F3xx_USB0_InterruptServiceRout   F3xx_USB0_InterruptServiceRo
C:   00000289  A$F3xx_USB0_InterruptServiceRout   F3xx_USB0_InterruptServiceRo
C:   0000028C  A$F3xx_USB0_InterruptServiceRout   F3xx_USB0_InterruptServiceRo
C:   0000028E  A$F3xx_USB0_InterruptServiceRout   F3xx_USB0_InterruptServiceRo
C:   0000028E  C$F3xx_USB0_InterruptServiceRout   F3xx_USB0_InterruptServiceRo
C:   00000291  A$F3xx_USB0_InterruptServiceRout   F3xx_USB0_InterruptServiceRo
C:   00000291  C$F3xx_USB0_InterruptServiceRout   F3xx_USB0_InterruptServiceRo
C:   00000291  C$F3xx_USB0_InterruptServiceRout   F3xx_USB0_InterruptServiceRo
C:   00000293  A$F3xx_USB0_InterruptServiceRout   F3xx_USB0_InterruptServiceRo
C:   00000296  A$F3xx_USB0_InterruptServiceRout   F3xx_USB0_InterruptServiceRo
C:   00000298  A$F3xx_USB0_InterruptServiceRout   F3xx_USB0_InterruptServiceRo
C:   00000298  C$F3xx_USB0_InterruptServiceRout   F3xx_USB0_InterruptServiceRo
C:   0000029B  A$F3xx_USB0_InterruptServiceRout   F3xx_USB0_InterruptServiceRo
C:   0000029B  C$F3xx_USB0_InterruptServiceRout   F3xx_USB0_InterruptServiceRo
C:   0000029B  C$F3xx_USB0_InterruptServiceRout   F3xx_USB0_InterruptServiceRo
C:   0000029D  A$F3xx_USB0_InterruptServiceRout   F3xx_USB0_InterruptServiceRo
C:   000002A0  A$F3xx_USB0_InterruptServiceRout   F3xx_USB0_InterruptServiceRo
C:   000002A2  A$F3xx_USB0_InterruptServiceRout   F3xx_USB0_InterruptServiceRo
C:   000002A2  C$F3xx_USB0_InterruptServiceRout   F3xx_USB0_InterruptServiceRo
C:   000002A5  A$F3xx_USB0_InterruptServiceRout   F3xx_USB0_InterruptServiceRo
C:   000002A5  C$F3xx_USB0_InterruptServiceRout   F3xx_USB0_InterruptServiceRo
C:   000002A7  A$F3xx_USB0_InterruptServiceRout   F3xx_USB0_InterruptServiceRo
C:   000002A8  A$F3xx_USB0_InterruptServiceRout   F3xx_USB0_InterruptServiceRo
C:   000002AA  A$F3xx_USB0_InterruptServiceRout   F3xx_USB0_InterruptServiceRo
C:   000002AC  A$F3xx_USB0_InterruptServiceRout   F3xx_USB0_InterruptServiceRo
C:   000002AF  A$F3xx_USB0_InterruptServiceRout   F3xx_USB0_InterruptServiceRo
C:   000002B0  A$F3xx_USB0_InterruptServiceRout   F3xx_USB0_InterruptServiceRo
C:   000002B1  A$F3xx_USB0_InterruptServiceRout   F3xx_USB0_InterruptServiceRo
C:   000002B2  A$F3xx_USB0_InterruptServiceRout   F3xx_USB0_InterruptServiceRo
C:   000002B5  A$F3xx_USB0_InterruptServiceRout   F3xx_USB0_InterruptServiceRo
C:   000002B6  A$F3xx_USB0_InterruptServiceRout   F3xx_USB0_InterruptServiceRo
C:   000002B9  A$F3xx_USB0_InterruptServiceRout   F3xx_USB0_InterruptServiceRo
C:   000002BC  A$F3xx_USB0_InterruptServiceRout   F3xx_USB0_InterruptServiceRo
C:   000002BF  A$F3xx_USB0_InterruptServiceRout   F3xx_USB0_InterruptServiceRo
C:   000002C2  A$F3xx_USB0_InterruptServiceRout   F3xx_USB0_InterruptServiceRo
C:   000002C5  A$F3xx_USB0_InterruptServiceRout   F3xx_USB0_InterruptServiceRo
ASxxxx Linker V03.00 + NoICE + sdld,  page 27.
Hexadecimal  [32-Bits]

Area                                    Addr        Size        Decimal Bytes (Attributes)
--------------------------------        ----        ----        ------- ----- ------------
CSEG                                0000007C    00000C79 =        3193. bytes (REL,CON,CODE)

      Value  Global                              Global Defined In Module
      -----  --------------------------------   ------------------------
C:   000002C8  A$F3xx_USB0_InterruptServiceRout   F3xx_USB0_InterruptServiceRo
C:   000002CB  A$F3xx_USB0_InterruptServiceRout   F3xx_USB0_InterruptServiceRo
C:   000002CE  A$F3xx_USB0_InterruptServiceRout   F3xx_USB0_InterruptServiceRo
C:   000002D1  A$F3xx_USB0_InterruptServiceRout   F3xx_USB0_InterruptServiceRo
C:   000002D4  A$F3xx_USB0_InterruptServiceRout   F3xx_USB0_InterruptServiceRo
C:   000002D7  A$F3xx_USB0_InterruptServiceRout   F3xx_USB0_InterruptServiceRo
C:   000002DA  A$F3xx_USB0_InterruptServiceRout   F3xx_USB0_InterruptServiceRo
C:   000002DA  C$F3xx_USB0_InterruptServiceRout   F3xx_USB0_InterruptServiceRo
C:   000002DA  C$F3xx_USB0_InterruptServiceRout   F3xx_USB0_InterruptServiceRo
C:   000002DC  A$F3xx_USB0_InterruptServiceRout   F3xx_USB0_InterruptServiceRo
C:   000002DF  A$F3xx_USB0_InterruptServiceRout   F3xx_USB0_InterruptServiceRo
C:   000002E1  A$F3xx_USB0_InterruptServiceRout   F3xx_USB0_InterruptServiceRo
C:   000002E1  C$F3xx_USB0_InterruptServiceRout   F3xx_USB0_InterruptServiceRo
C:   000002E1  C$F3xx_USB0_InterruptServiceRout   F3xx_USB0_InterruptServiceRo
C:   000002E3  A$F3xx_USB0_InterruptServiceRout   F3xx_USB0_InterruptServiceRo
C:   000002E3  C$F3xx_USB0_InterruptServiceRout   F3xx_USB0_InterruptServiceRo
C:   000002E5  A$F3xx_USB0_InterruptServiceRout   F3xx_USB0_InterruptServiceRo
C:   000002E8  A$F3xx_USB0_InterruptServiceRout   F3xx_USB0_InterruptServiceRo
C:   000002EA  A$F3xx_USB0_InterruptServiceRout   F3xx_USB0_InterruptServiceRo
C:   000002EA  C$F3xx_USB0_InterruptServiceRout   F3xx_USB0_InterruptServiceRo
C:   000002EA  C$F3xx_USB0_InterruptServiceRout   F3xx_USB0_InterruptServiceRo
C:   000002EC  A$F3xx_USB0_InterruptServiceRout   F3xx_USB0_InterruptServiceRo
C:   000002EC  C$F3xx_USB0_InterruptServiceRout   F3xx_USB0_InterruptServiceRo
C:   000002EE  A$F3xx_USB0_InterruptServiceRout   F3xx_USB0_InterruptServiceRo
C:   000002F1  A$F3xx_USB0_InterruptServiceRout   F3xx_USB0_InterruptServiceRo
C:   000002F3  A$F3xx_USB0_InterruptServiceRout   F3xx_USB0_InterruptServiceRo
C:   000002F3  C$F3xx_USB0_InterruptServiceRout   F3xx_USB0_InterruptServiceRo
C:   000002F3  C$F3xx_USB0_InterruptServiceRout   F3xx_USB0_InterruptServiceRo
C:   000002F5  A$F3xx_USB0_InterruptServiceRout   F3xx_USB0_InterruptServiceRo
C:   000002F5  C$F3xx_USB0_InterruptServiceRout   F3xx_USB0_InterruptServiceRo
C:   000002F7  A$F3xx_USB0_InterruptServiceRout   F3xx_USB0_InterruptServiceRo
C:   000002FA  A$F3xx_USB0_InterruptServiceRout   F3xx_USB0_InterruptServiceRo
C:   000002FC  A$F3xx_USB0_InterruptServiceRout   F3xx_USB0_InterruptServiceRo
C:   000002FC  C$F3xx_USB0_InterruptServiceRout   F3xx_USB0_InterruptServiceRo
C:   000002FC  C$F3xx_USB0_InterruptServiceRout   F3xx_USB0_InterruptServiceRo
C:   000002FE  A$F3xx_USB0_InterruptServiceRout   F3xx_USB0_InterruptServiceRo
C:   000002FE  C$F3xx_USB0_InterruptServiceRout   F3xx_USB0_InterruptServiceRo
C:   00000300  A$F3xx_USB0_InterruptServiceRout   F3xx_USB0_InterruptServiceRo
C:   00000303  A$F3xx_USB0_InterruptServiceRout   F3xx_USB0_InterruptServiceRo
C:   00000305  A$F3xx_USB0_InterruptServiceRout   F3xx_USB0_InterruptServiceRo
C:   00000305  C$F3xx_USB0_InterruptServiceRout   F3xx_USB0_InterruptServiceRo
C:   00000305  C$F3xx_USB0_InterruptServiceRout   F3xx_USB0_InterruptServiceRo
C:   00000307  A$F3xx_USB0_InterruptServiceRout   F3xx_USB0_InterruptServiceRo
C:   00000307  C$F3xx_USB0_InterruptServiceRout   F3xx_USB0_InterruptServiceRo
C:   00000309  A$F3xx_USB0_InterruptServiceRout   F3xx_USB0_InterruptServiceRo
C:   0000030C  A$F3xx_USB0_InterruptServiceRout   F3xx_USB0_InterruptServiceRo
C:   0000030E  A$F3xx_USB0_InterruptServiceRout   F3xx_USB0_InterruptServiceRo
C:   0000030E  C$F3xx_USB0_InterruptServiceRout   F3xx_USB0_InterruptServiceRo
C:   0000030E  C$F3xx_USB0_InterruptServiceRout   F3xx_USB0_InterruptServiceRo
C:   00000310  A$F3xx_USB0_InterruptServiceRout   F3xx_USB0_InterruptServiceRo
C:   00000310  C$F3xx_USB0_InterruptServiceRout   F3xx_USB0_InterruptServiceRo
ASxxxx Linker V03.00 + NoICE + sdld,  page 28.
Hexadecimal  [32-Bits]

Area                                    Addr        Size        Decimal Bytes (Attributes)
--------------------------------        ----        ----        ------- ----- ------------
CSEG                                0000007C    00000C79 =        3193. bytes (REL,CON,CODE)

      Value  Global                              Global Defined In Module
      -----  --------------------------------   ------------------------
C:   00000312  A$F3xx_USB0_InterruptServiceRout   F3xx_USB0_InterruptServiceRo
C:   00000315  A$F3xx_USB0_InterruptServiceRout   F3xx_USB0_InterruptServiceRo
C:   00000317  A$F3xx_USB0_InterruptServiceRout   F3xx_USB0_InterruptServiceRo
C:   00000317  C$F3xx_USB0_InterruptServiceRout   F3xx_USB0_InterruptServiceRo
C:   00000317  C$F3xx_USB0_InterruptServiceRout   F3xx_USB0_InterruptServiceRo
C:   00000319  A$F3xx_USB0_InterruptServiceRout   F3xx_USB0_InterruptServiceRo
C:   00000319  C$F3xx_USB0_InterruptServiceRout   F3xx_USB0_InterruptServiceRo
C:   0000031B  A$F3xx_USB0_InterruptServiceRout   F3xx_USB0_InterruptServiceRo
C:   0000031E  A$F3xx_USB0_InterruptServiceRout   F3xx_USB0_InterruptServiceRo
C:   00000320  A$F3xx_USB0_InterruptServiceRout   F3xx_USB0_InterruptServiceRo
C:   00000320  C$F3xx_USB0_InterruptServiceRout   F3xx_USB0_InterruptServiceRo
C:   00000320  C$F3xx_USB0_InterruptServiceRout   F3xx_USB0_InterruptServiceRo
C:   00000322  A$F3xx_USB0_InterruptServiceRout   F3xx_USB0_InterruptServiceRo
C:   00000322  C$F3xx_USB0_InterruptServiceRout   F3xx_USB0_InterruptServiceRo
C:   00000324  A$F3xx_USB0_InterruptServiceRout   F3xx_USB0_InterruptServiceRo
C:   00000327  A$F3xx_USB0_InterruptServiceRout   F3xx_USB0_InterruptServiceRo
C:   00000329  A$F3xx_USB0_InterruptServiceRout   F3xx_USB0_InterruptServiceRo
C:   00000329  C$F3xx_USB0_InterruptServiceRout   F3xx_USB0_InterruptServiceRo
C:   00000329  C$F3xx_USB0_InterruptServiceRout   F3xx_USB0_InterruptServiceRo
C:   0000032B  A$F3xx_USB0_InterruptServiceRout   F3xx_USB0_InterruptServiceRo
C:   0000032B  C$F3xx_USB0_InterruptServiceRout   F3xx_USB0_InterruptServiceRo
C:   0000032D  A$F3xx_USB0_InterruptServiceRout   F3xx_USB0_InterruptServiceRo
C:   00000330  A$F3xx_USB0_InterruptServiceRout   F3xx_USB0_InterruptServiceRo
C:   00000332  A$F3xx_USB0_InterruptServiceRout   F3xx_USB0_InterruptServiceRo
C:   00000332  C$F3xx_USB0_InterruptServiceRout   F3xx_USB0_InterruptServiceRo
C:   00000332  C$F3xx_USB0_InterruptServiceRout   F3xx_USB0_InterruptServiceRo
C:   00000334  A$F3xx_USB0_InterruptServiceRout   F3xx_USB0_InterruptServiceRo
C:   00000337  A$F3xx_USB0_InterruptServiceRout   F3xx_USB0_InterruptServiceRo
C:   00000339  A$F3xx_USB0_InterruptServiceRout   F3xx_USB0_InterruptServiceRo
C:   0000033C  A$F3xx_USB0_InterruptServiceRout   F3xx_USB0_InterruptServiceRo
C:   0000033C  C$F3xx_USB0_InterruptServiceRout   F3xx_USB0_InterruptServiceRo
C:   0000033D  A$F3xx_USB0_InterruptServiceRout   F3xx_USB0_InterruptServiceRo
C:   00000340  A$F3xx_USB0_InterruptServiceRout   F3xx_USB0_InterruptServiceRo
C:   00000343  A$F3xx_USB0_InterruptServiceRout   F3xx_USB0_InterruptServiceRo
C:   00000343  C$F3xx_USB0_InterruptServiceRout   F3xx_USB0_InterruptServiceRo
C:   00000345  A$F3xx_USB0_InterruptServiceRout   F3xx_USB0_InterruptServiceRo
C:   00000348  A$F3xx_USB0_InterruptServiceRout   F3xx_USB0_InterruptServiceRo
C:   0000034B  A$F3xx_USB0_InterruptServiceRout   F3xx_USB0_InterruptServiceRo
C:   0000034D  A$F3xx_USB0_InterruptServiceRout   F3xx_USB0_InterruptServiceRo
C:   00000350  A$F3xx_USB0_InterruptServiceRout   F3xx_USB0_InterruptServiceRo
C:   00000350  C$F3xx_USB0_InterruptServiceRout   F3xx_USB0_InterruptServiceRo
C:   00000352  A$F3xx_USB0_InterruptServiceRout   F3xx_USB0_InterruptServiceRo
C:   00000353  A$F3xx_USB0_InterruptServiceRout   F3xx_USB0_InterruptServiceRo
C:   00000356  A$F3xx_USB0_InterruptServiceRout   F3xx_USB0_InterruptServiceRo
C:   00000357  A$F3xx_USB0_InterruptServiceRout   F3xx_USB0_InterruptServiceRo
C:   0000035A  A$F3xx_USB0_InterruptServiceRout   F3xx_USB0_InterruptServiceRo
C:   0000035D  A$F3xx_USB0_InterruptServiceRout   F3xx_USB0_InterruptServiceRo
C:   0000035D  C$F3xx_USB0_InterruptServiceRout   F3xx_USB0_InterruptServiceRo
C:   0000035F  A$F3xx_USB0_InterruptServiceRout   F3xx_USB0_InterruptServiceRo
C:   0000035F  C$F3xx_USB0_InterruptServiceRout   F3xx_USB0_InterruptServiceRo
C:   00000360  A$F3xx_USB0_InterruptServiceRout   F3xx_USB0_InterruptServiceRo
ASxxxx Linker V03.00 + NoICE + sdld,  page 29.
Hexadecimal  [32-Bits]

Area                                    Addr        Size        Decimal Bytes (Attributes)
--------------------------------        ----        ----        ------- ----- ------------
CSEG                                0000007C    00000C79 =        3193. bytes (REL,CON,CODE)

      Value  Global                              Global Defined In Module
      -----  --------------------------------   ------------------------
C:   00000362  A$F3xx_USB0_InterruptServiceRout   F3xx_USB0_InterruptServiceRo
C:   00000364  A$F3xx_USB0_InterruptServiceRout   F3xx_USB0_InterruptServiceRo
C:   00000366  A$F3xx_USB0_InterruptServiceRout   F3xx_USB0_InterruptServiceRo
C:   00000368  A$F3xx_USB0_InterruptServiceRout   F3xx_USB0_InterruptServiceRo
C:   0000036A  A$F3xx_USB0_InterruptServiceRout   F3xx_USB0_InterruptServiceRo
C:   0000036A  C$F3xx_USB0_InterruptServiceRout   F3xx_USB0_InterruptServiceRo
C:   0000036D  A$F3xx_USB0_InterruptServiceRout   F3xx_USB0_InterruptServiceRo
C:   00000370  A$F3xx_USB0_InterruptServiceRout   F3xx_USB0_InterruptServiceRo
C:   00000373  A$F3xx_USB0_InterruptServiceRout   F3xx_USB0_InterruptServiceRo
C:   00000376  A$F3xx_USB0_InterruptServiceRout   F3xx_USB0_InterruptServiceRo
C:   00000379  A$F3xx_USB0_InterruptServiceRout   F3xx_USB0_InterruptServiceRo
C:   0000037C  A$F3xx_USB0_InterruptServiceRout   F3xx_USB0_InterruptServiceRo
C:   0000037E  A$F3xx_USB0_InterruptServiceRout   F3xx_USB0_InterruptServiceRo
C:   00000381  A$F3xx_USB0_InterruptServiceRout   F3xx_USB0_InterruptServiceRo
C:   00000383  A$F3xx_USB0_InterruptServiceRout   F3xx_USB0_InterruptServiceRo
C:   00000383  C$F3xx_USB0_InterruptServiceRout   F3xx_USB0_InterruptServiceRo
C:   00000385  A$F3xx_USB0_InterruptServiceRout   F3xx_USB0_InterruptServiceRo
C:   00000387  A$F3xx_USB0_InterruptServiceRout   F3xx_USB0_InterruptServiceRo
C:   00000389  A$F3xx_USB0_InterruptServiceRout   F3xx_USB0_InterruptServiceRo
C:   0000038A  A$F3xx_USB0_InterruptServiceRout   F3xx_USB0_InterruptServiceRo
C:   0000038C  A$F3xx_USB0_InterruptServiceRout   F3xx_USB0_InterruptServiceRo
C:   0000038E  A$F3xx_USB0_InterruptServiceRout   F3xx_USB0_InterruptServiceRo
C:   0000038E  C$F3xx_USB0_InterruptServiceRout   F3xx_USB0_InterruptServiceRo
C:   00000390  A$F3xx_USB0_InterruptServiceRout   F3xx_USB0_InterruptServiceRo
C:   00000392  A$F3xx_USB0_InterruptServiceRout   F3xx_USB0_InterruptServiceRo
C:   00000394  A$F3xx_USB0_InterruptServiceRout   F3xx_USB0_InterruptServiceRo
C:   00000396  A$F3xx_USB0_InterruptServiceRout   F3xx_USB0_InterruptServiceRo
C:   00000398  A$F3xx_USB0_InterruptServiceRout   F3xx_USB0_InterruptServiceRo
C:   0000039A  A$F3xx_USB0_InterruptServiceRout   F3xx_USB0_InterruptServiceRo
C:   0000039A  C$F3xx_USB0_InterruptServiceRout   F3xx_USB0_InterruptServiceRo
C:   0000039C  A$F3xx_USB0_InterruptServiceRout   F3xx_USB0_InterruptServiceRo
C:   0000039E  A$F3xx_USB0_InterruptServiceRout   F3xx_USB0_InterruptServiceRo
C:   000003A0  A$F3xx_USB0_InterruptServiceRout   F3xx_USB0_InterruptServiceRo
C:   000003A1  A$F3xx_USB0_InterruptServiceRout   F3xx_USB0_InterruptServiceRo
C:   000003A3  A$F3xx_USB0_InterruptServiceRout   F3xx_USB0_InterruptServiceRo
C:   000003A5  A$F3xx_USB0_InterruptServiceRout   F3xx_USB0_InterruptServiceRo
C:   000003A7  A$F3xx_USB0_InterruptServiceRout   F3xx_USB0_InterruptServiceRo
C:   000003A7  C$F3xx_USB0_InterruptServiceRout   F3xx_USB0_InterruptServiceRo
C:   000003AA  A$F3xx_USB0_InterruptServiceRout   F3xx_USB0_InterruptServiceRo
C:   000003AD  A$F3xx_USB0_InterruptServiceRout   F3xx_USB0_InterruptServiceRo
C:   000003B0  A$F3xx_USB0_InterruptServiceRout   F3xx_USB0_InterruptServiceRo
C:   000003B3  A$F3xx_USB0_InterruptServiceRout   F3xx_USB0_InterruptServiceRo
C:   000003B6  A$F3xx_USB0_InterruptServiceRout   F3xx_USB0_InterruptServiceRo
C:   000003B9  A$F3xx_USB0_InterruptServiceRout   F3xx_USB0_InterruptServiceRo
C:   000003BC  A$F3xx_USB0_InterruptServiceRout   F3xx_USB0_InterruptServiceRo
C:   000003BC  C$F3xx_USB0_InterruptServiceRout   F3xx_USB0_InterruptServiceRo
C:   000003BE  A$F3xx_USB0_InterruptServiceRout   F3xx_USB0_InterruptServiceRo
C:   000003BE  C$F3xx_USB0_InterruptServiceRout   F3xx_USB0_InterruptServiceRo
C:   000003C1  A$F3xx_USB0_InterruptServiceRout   F3xx_USB0_InterruptServiceRo
C:   000003C1  C$F3xx_USB0_InterruptServiceRout   F3xx_USB0_InterruptServiceRo
C:   000003C3  A$F3xx_USB0_InterruptServiceRout   F3xx_USB0_InterruptServiceRo
ASxxxx Linker V03.00 + NoICE + sdld,  page 30.
Hexadecimal  [32-Bits]

Area                                    Addr        Size        Decimal Bytes (Attributes)
--------------------------------        ----        ----        ------- ----- ------------
CSEG                                0000007C    00000C79 =        3193. bytes (REL,CON,CODE)

      Value  Global                              Global Defined In Module
      -----  --------------------------------   ------------------------
C:   000003C6  A$F3xx_USB0_InterruptServiceRout   F3xx_USB0_InterruptServiceRo
C:   000003C8  A$F3xx_USB0_InterruptServiceRout   F3xx_USB0_InterruptServiceRo
C:   000003CB  A$F3xx_USB0_InterruptServiceRout   F3xx_USB0_InterruptServiceRo
C:   000003CB  C$F3xx_USB0_InterruptServiceRout   F3xx_USB0_InterruptServiceRo
C:   000003CE  A$F3xx_USB0_InterruptServiceRout   F3xx_USB0_InterruptServiceRo
C:   000003CE  C$F3xx_USB0_InterruptServiceRout   F3xx_USB0_InterruptServiceRo
C:   000003D1  A$F3xx_USB0_InterruptServiceRout   F3xx_USB0_InterruptServiceRo
C:   000003D1  C$F3xx_USB0_InterruptServiceRout   F3xx_USB0_InterruptServiceRo
C:   000003D3  A$F3xx_USB0_InterruptServiceRout   F3xx_USB0_InterruptServiceRo
C:   000003D6  A$F3xx_USB0_InterruptServiceRout   F3xx_USB0_InterruptServiceRo
C:   000003D9  A$F3xx_USB0_InterruptServiceRout   F3xx_USB0_InterruptServiceRo
C:   000003DB  A$F3xx_USB0_InterruptServiceRout   F3xx_USB0_InterruptServiceRo
C:   000003DB  C$F3xx_USB0_InterruptServiceRout   F3xx_USB0_InterruptServiceRo
C:   000003DD  A$F3xx_USB0_InterruptServiceRout   F3xx_USB0_InterruptServiceRo
C:   000003E0  A$F3xx_USB0_InterruptServiceRout   F3xx_USB0_InterruptServiceRo
C:   000003E2  A$F3xx_USB0_InterruptServiceRout   F3xx_USB0_InterruptServiceRo
C:   000003E5  A$F3xx_USB0_InterruptServiceRout   F3xx_USB0_InterruptServiceRo
C:   000003E5  C$F3xx_USB0_InterruptServiceRout   F3xx_USB0_InterruptServiceRo
C:   000003E7  A$F3xx_USB0_InterruptServiceRout   F3xx_USB0_InterruptServiceRo
C:   000003EA  A$F3xx_USB0_InterruptServiceRout   F3xx_USB0_InterruptServiceRo
C:   000003ED  A$F3xx_USB0_InterruptServiceRout   F3xx_USB0_InterruptServiceRo
C:   000003EF  A$F3xx_USB0_InterruptServiceRout   F3xx_USB0_InterruptServiceRo
C:   000003F2  A$F3xx_USB0_InterruptServiceRout   F3xx_USB0_InterruptServiceRo
C:   000003F2  C$F3xx_USB0_InterruptServiceRout   F3xx_USB0_InterruptServiceRo
C:   000003F4  A$F3xx_USB0_InterruptServiceRout   F3xx_USB0_InterruptServiceRo
C:   000003F5  A$F3xx_USB0_InterruptServiceRout   F3xx_USB0_InterruptServiceRo
C:   000003F8  A$F3xx_USB0_InterruptServiceRout   F3xx_USB0_InterruptServiceRo
C:   000003FB  A$F3xx_USB0_InterruptServiceRout   F3xx_USB0_InterruptServiceRo
C:   000003FB  C$F3xx_USB0_InterruptServiceRout   F3xx_USB0_InterruptServiceRo
C:   000003FD  A$F3xx_USB0_InterruptServiceRout   F3xx_USB0_InterruptServiceRo
C:   000003FD  C$F3xx_USB0_InterruptServiceRout   F3xx_USB0_InterruptServiceRo
C:   000003FE  A$F3xx_USB0_InterruptServiceRout   F3xx_USB0_InterruptServiceRo
C:   00000400  A$F3xx_USB0_InterruptServiceRout   F3xx_USB0_InterruptServiceRo
C:   00000402  A$F3xx_USB0_InterruptServiceRout   F3xx_USB0_InterruptServiceRo
C:   00000404  A$F3xx_USB0_InterruptServiceRout   F3xx_USB0_InterruptServiceRo
C:   00000406  A$F3xx_USB0_InterruptServiceRout   F3xx_USB0_InterruptServiceRo
C:   00000408  A$F3xx_USB0_InterruptServiceRout   F3xx_USB0_InterruptServiceRo
C:   00000408  C$F3xx_USB0_InterruptServiceRout   F3xx_USB0_InterruptServiceRo
C:   0000040B  A$F3xx_USB0_InterruptServiceRout   F3xx_USB0_InterruptServiceRo
C:   0000040E  A$F3xx_USB0_InterruptServiceRout   F3xx_USB0_InterruptServiceRo
C:   00000411  A$F3xx_USB0_InterruptServiceRout   F3xx_USB0_InterruptServiceRo
C:   00000414  A$F3xx_USB0_InterruptServiceRout   F3xx_USB0_InterruptServiceRo
C:   00000417  A$F3xx_USB0_InterruptServiceRout   F3xx_USB0_InterruptServiceRo
C:   0000041A  A$F3xx_USB0_InterruptServiceRout   F3xx_USB0_InterruptServiceRo
C:   0000041C  A$F3xx_USB0_InterruptServiceRout   F3xx_USB0_InterruptServiceRo
C:   0000041F  A$F3xx_USB0_InterruptServiceRout   F3xx_USB0_InterruptServiceRo
C:   00000421  A$F3xx_USB0_InterruptServiceRout   F3xx_USB0_InterruptServiceRo
C:   00000421  C$F3xx_USB0_InterruptServiceRout   F3xx_USB0_InterruptServiceRo
C:   00000423  A$F3xx_USB0_InterruptServiceRout   F3xx_USB0_InterruptServiceRo
C:   00000425  A$F3xx_USB0_InterruptServiceRout   F3xx_USB0_InterruptServiceRo
C:   00000427  A$F3xx_USB0_InterruptServiceRout   F3xx_USB0_InterruptServiceRo
ASxxxx Linker V03.00 + NoICE + sdld,  page 31.
Hexadecimal  [32-Bits]

Area                                    Addr        Size        Decimal Bytes (Attributes)
--------------------------------        ----        ----        ------- ----- ------------
CSEG                                0000007C    00000C79 =        3193. bytes (REL,CON,CODE)

      Value  Global                              Global Defined In Module
      -----  --------------------------------   ------------------------
[...]
C:   00000BD5  C$F3xx_USB0_ReportHandler.c$115$   F3xx_USB0_ReportHandler
C:   00000BD8  A$F3xx_USB0_ReportHandler$409      F3xx_USB0_ReportHandler
C:   00000BDB  A$F3xx_USB0_ReportHandler$410      F3xx_USB0_ReportHandler
C:   00000BDE  A$F3xx_USB0_ReportHandler$413      F3xx_USB0_ReportHandler
C:   00000BDE  C$F3xx_USB0_ReportHandler.c$116$   F3xx_USB0_ReportHandler
C:   00000BE1  A$F3xx_USB0_ReportHandler$416      F3xx_USB0_ReportHandler
C:   00000BE1  C$F3xx_USB0_ReportHandler.c$118$   F3xx_USB0_ReportHandler
C:   00000BE1  XG$IN_Report$0$0                   F3xx_USB0_ReportHandler
C:   00000BE2  A$F3xx_USB0_ReportHandler$431      F3xx_USB0_ReportHandler
C:   00000BE2  C$F3xx_USB0_ReportHandler.c$130$   F3xx_USB0_ReportHandler
C:   00000BE2  C$F3xx_USB0_ReportHandler.c$132$   F3xx_USB0_ReportHandler
C:   00000BE2  G$OUT_Report$0$0                   F3xx_USB0_ReportHandler
C:   00000BE2  XG$OUT_Report$0$0                  F3xx_USB0_ReportHandler
C:   00000BE2  _OUT_Report                        F3xx_USB0_ReportHandler
C:   00000BE3  A$F3xx_USB0_ReportHandler$446      F3xx_USB0_ReportHandler
C:   00000BE3  C$F3xx_USB0_ReportHandler.c$150$   F3xx_USB0_ReportHandler
C:   00000BE3  C$F3xx_USB0_ReportHandler.c$152$   F3xx_USB0_ReportHandler
C:   00000BE3  G$Setup_OUT_BUFFER$0$0             F3xx_USB0_ReportHandler
C:   00000BE3  XG$Setup_OUT_BUFFER$0$0            F3xx_USB0_ReportHandler
C:   00000BE3  _Setup_OUT_BUFFER                  F3xx_USB0_ReportHandler
C:   00000BE4  A$F3xx_USB0_ReportHandler$462      F3xx_USB0_ReportHandler
C:   00000BE4  C$F3xx_USB0_ReportHandler.c$174$   F3xx_USB0_ReportHandler
ASxxxx Linker V03.00 + NoICE + sdld,  page 56.
Hexadecimal  [32-Bits]

Area                                    Addr        Size        Decimal Bytes (Attributes)
--------------------------------        ----        ----        ------- ----- ------------
CSEG                                0000007C    00000C79 =        3193. bytes (REL,CON,CODE)

      Value  Global                              Global Defined In Module
      -----  --------------------------------   ------------------------
C:   00000BE4  C$F3xx_USB0_ReportHandler.c$180$   F3xx_USB0_ReportHandler
C:   00000BE4  G$ReportHandler_IN_ISR$0$0         F3xx_USB0_ReportHandler
C:   00000BE4  _ReportHandler_IN_ISR              F3xx_USB0_ReportHandler
C:   00000BE6  A$F3xx_USB0_ReportHandler$463      F3xx_USB0_ReportHandler
C:   00000BE7  A$F3xx_USB0_ReportHandler$464      F3xx_USB0_ReportHandler
C:   00000BE9  A$F3xx_USB0_ReportHandler$467      F3xx_USB0_ReportHandler
C:   00000BE9  C$F3xx_USB0_ReportHandler.c$182$   F3xx_USB0_ReportHandler
C:   00000BEC  A$F3xx_USB0_ReportHandler$471      F3xx_USB0_ReportHandler
C:   00000BEC  C$F3xx_USB0_ReportHandler.c$185$   F3xx_USB0_ReportHandler
C:   00000BEC  XG$ReportHandler_IN_ISR$0$0        F3xx_USB0_ReportHandler
C:   00000BED  A$F3xx_USB0_ReportHandler$487      F3xx_USB0_ReportHandler
C:   00000BED  C$F3xx_USB0_ReportHandler.c$186$   F3xx_USB0_ReportHandler
C:   00000BED  C$F3xx_USB0_ReportHandler.c$192$   F3xx_USB0_ReportHandler
C:   00000BED  G$ReportHandler_IN_Foreground$0$   F3xx_USB0_ReportHandler
C:   00000BED  _ReportHandler_IN_Foreground       F3xx_USB0_ReportHandler
C:   00000BEF  A$F3xx_USB0_ReportHandler$488      F3xx_USB0_ReportHandler
C:   00000BF0  A$F3xx_USB0_ReportHandler$489      F3xx_USB0_ReportHandler
C:   00000BF2  A$F3xx_USB0_ReportHandler$492      F3xx_USB0_ReportHandler
C:   00000BF2  C$F3xx_USB0_ReportHandler.c$194$   F3xx_USB0_ReportHandler
C:   00000BF5  A$F3xx_USB0_ReportHandler$496      F3xx_USB0_ReportHandler
C:   00000BF5  C$F3xx_USB0_ReportHandler.c$197$   F3xx_USB0_ReportHandler
C:   00000BF5  XG$ReportHandler_IN_Foreground$0   F3xx_USB0_ReportHandler
C:   00000BF6  A$F3xx_USB0_ReportHandler$512      F3xx_USB0_ReportHandler
C:   00000BF6  C$F3xx_USB0_ReportHandler.c$210$   F3xx_USB0_ReportHandler
C:   00000BF6  C$F3xx_USB0_ReportHandler.c$216$   F3xx_USB0_ReportHandler
C:   00000BF6  G$ReportHandler_OUT$0$0            F3xx_USB0_ReportHandler
C:   00000BF6  _ReportHandler_OUT                 F3xx_USB0_ReportHandler
C:   00000BF8  A$F3xx_USB0_ReportHandler$513      F3xx_USB0_ReportHandler
C:   00000BF9  A$F3xx_USB0_ReportHandler$514      F3xx_USB0_ReportHandler
C:   00000BFB  A$F3xx_USB0_ReportHandler$517      F3xx_USB0_ReportHandler
C:   00000BFB  C$F3xx_USB0_ReportHandler.c$218$   F3xx_USB0_ReportHandler
C:   00000BFE  A$F3xx_USB0_ReportHandler$521      F3xx_USB0_ReportHandler
C:   00000BFE  C$F3xx_USB0_ReportHandler.c$220$   F3xx_USB0_ReportHandler
C:   00000BFE  XG$ReportHandler_OUT$0$0           F3xx_USB0_ReportHandler
C:   00000BFF  A$F326_USB0_Mouse$414              F326_USB0_Mouse
C:   00000BFF  C$F326_USB0_Mouse.c$115$0$0        F326_USB0_Mouse
C:   00000BFF  G$Timer1_ISR$0$0                   F326_USB0_Mouse
C:   00000BFF  _Timer1_ISR                        F326_USB0_Mouse
C:   00000C01  A$F326_USB0_Mouse$417              F326_USB0_Mouse
C:   00000C01  C$F326_USB0_Mouse.c$117$1$27       F326_USB0_Mouse
C:   00000C03  A$F326_USB0_Mouse$418              F326_USB0_Mouse
C:   00000C06  A$F326_USB0_Mouse$421              F326_USB0_Mouse
C:   00000C06  C$F326_USB0_Mouse.c$119$2$28       F326_USB0_Mouse
C:   00000C08  A$F326_USB0_Mouse$422              F326_USB0_Mouse
C:   00000C0A  A$F326_USB0_Mouse$425              F326_USB0_Mouse
C:   00000C0A  C$F326_USB0_Mouse.c$122$3$29       F326_USB0_Mouse
C:   00000C0C  A$F326_USB0_Mouse$426              F326_USB0_Mouse
C:   00000C0D  A$F326_USB0_Mouse$427              F326_USB0_Mouse
C:   00000C0F  A$F326_USB0_Mouse$430              F326_USB0_Mouse
C:   00000C0F  C$F326_USB0_Mouse.c$123$3$29       F326_USB0_Mouse
C:   00000C12  A$F326_USB0_Mouse$431              F326_USB0_Mouse
ASxxxx Linker V03.00 + NoICE + sdld,  page 57.
Hexadecimal  [32-Bits]

Area                                    Addr        Size        Decimal Bytes (Attributes)
--------------------------------        ----        ----        ------- ----- ------------
CSEG                                0000007C    00000C79 =        3193. bytes (REL,CON,CODE)

      Value  Global                              Global Defined In Module
      -----  --------------------------------   ------------------------
C:   00000C14  A$F326_USB0_Mouse$435              F326_USB0_Mouse
C:   00000C14  C$F326_USB0_Mouse.c$126$1$27       F326_USB0_Mouse
C:   00000C17  A$F326_USB0_Mouse$439              F326_USB0_Mouse
C:   00000C17  C$F326_USB0_Mouse.c$128$1$27       F326_USB0_Mouse
C:   00000C19  A$F326_USB0_Mouse$440              F326_USB0_Mouse
C:   00000C1B  A$F326_USB0_Mouse$441              F326_USB0_Mouse
C:   00000C1D  A$F326_USB0_Mouse$444              F326_USB0_Mouse
C:   00000C1D  C$F326_USB0_Mouse.c$130$1$27       F326_USB0_Mouse
C:   00000C1F  A$F326_USB0_Mouse$445              F326_USB0_Mouse
C:   00000C21  A$F326_USB0_Mouse$448              F326_USB0_Mouse
C:   00000C21  C$F326_USB0_Mouse.c$131$1$27       F326_USB0_Mouse
C:   00000C21  XG$Timer1_ISR$0$0                  F326_USB0_Mouse
C:   00000C22  A$F326_USB0_Mouse$466              F326_USB0_Mouse
C:   00000C22  C$F326_USB0_Mouse.c$147$1$27       F326_USB0_Mouse
C:   00000C22  C$F326_USB0_Mouse.c$150$1$31       F326_USB0_Mouse
C:   00000C22  G$System_Init$0$0                  F326_USB0_Mouse
C:   00000C22  _System_Init                       F326_USB0_Mouse
C:   00000C25  A$F326_USB0_Mouse$469              F326_USB0_Mouse
C:   00000C25  C$F326_USB0_Mouse.c$151$1$31       F326_USB0_Mouse
C:   00000C28  A$F326_USB0_Mouse$472              F326_USB0_Mouse
C:   00000C28  C$F326_USB0_Mouse.c$152$1$31       F326_USB0_Mouse
C:   00000C2B  A$F326_USB0_Mouse$475              F326_USB0_Mouse
C:   00000C2B  C$F326_USB0_Mouse.c$153$1$31       F326_USB0_Mouse
C:   00000C2B  XG$System_Init$0$0                 F326_USB0_Mouse
C:   00000C2C  A$F326_USB0_Mouse$489              F326_USB0_Mouse
C:   00000C2C  C$F326_USB0_Mouse.c$166$1$31       F326_USB0_Mouse
C:   00000C2C  C$F326_USB0_Mouse.c$169$1$33       F326_USB0_Mouse
C:   00000C2C  G$USB0_Init$0$0                    F326_USB0_Mouse
C:   00000C2C  _USB0_Init                         F326_USB0_Mouse
C:   00000C2E  A$F326_USB0_Mouse$490              F326_USB0_Mouse
C:   00000C31  A$F326_USB0_Mouse$491              F326_USB0_Mouse
C:   00000C34  A$F326_USB0_Mouse$492              F326_USB0_Mouse
C:   00000C37  A$F326_USB0_Mouse$496              F326_USB0_Mouse
C:   00000C37  C$F326_USB0_Mouse.c$170$1$33       F326_USB0_Mouse
C:   00000C39  A$F326_USB0_Mouse$497              F326_USB0_Mouse
C:   00000C3C  A$F326_USB0_Mouse$498              F326_USB0_Mouse
C:   00000C3F  A$F326_USB0_Mouse$499              F326_USB0_Mouse
C:   00000C42  A$F326_USB0_Mouse$503              F326_USB0_Mouse
C:   00000C42  C$F326_USB0_Mouse.c$171$1$33       F326_USB0_Mouse
C:   00000C44  A$F326_USB0_Mouse$504              F326_USB0_Mouse
C:   00000C47  A$F326_USB0_Mouse$505              F326_USB0_Mouse
C:   00000C4A  A$F326_USB0_Mouse$506              F326_USB0_Mouse
C:   00000C4D  A$F326_USB0_Mouse$510              F326_USB0_Mouse
C:   00000C4D  C$F326_USB0_Mouse.c$172$1$33       F326_USB0_Mouse
C:   00000C4F  A$F326_USB0_Mouse$511              F326_USB0_Mouse
C:   00000C52  A$F326_USB0_Mouse$512              F326_USB0_Mouse
C:   00000C55  A$F326_USB0_Mouse$513              F326_USB0_Mouse
C:   00000C58  A$F326_USB0_Mouse$516              F326_USB0_Mouse
C:   00000C58  C$F326_USB0_Mouse.c$174$1$33       F326_USB0_Mouse
C:   00000C5B  A$F326_USB0_Mouse$520              F326_USB0_Mouse
C:   00000C5B  C$F326_USB0_Mouse.c$175$1$33       F326_USB0_Mouse
ASxxxx Linker V03.00 + NoICE + sdld,  page 58.
Hexadecimal  [32-Bits]

Area                                    Addr        Size        Decimal Bytes (Attributes)
--------------------------------        ----        ----        ------- ----- ------------
CSEG                                0000007C    00000C79 =        3193. bytes (REL,CON,CODE)

      Value  Global                              Global Defined In Module
      -----  --------------------------------   ------------------------
C:   00000C5D  A$F326_USB0_Mouse$521              F326_USB0_Mouse
C:   00000C60  A$F326_USB0_Mouse$522              F326_USB0_Mouse
C:   00000C63  A$F326_USB0_Mouse$523              F326_USB0_Mouse
C:   00000C66  A$F326_USB0_Mouse$526              F326_USB0_Mouse
C:   00000C66  C$F326_USB0_Mouse.c$178$1$33       F326_USB0_Mouse
C:   00000C69  A$F326_USB0_Mouse$529              F326_USB0_Mouse
C:   00000C69  C$F326_USB0_Mouse.c$179$1$33       F326_USB0_Mouse
C:   00000C6B  A$F326_USB0_Mouse$533              F326_USB0_Mouse
C:   00000C6B  C$F326_USB0_Mouse.c$181$1$33       F326_USB0_Mouse
C:   00000C6D  A$F326_USB0_Mouse$534              F326_USB0_Mouse
C:   00000C70  A$F326_USB0_Mouse$535              F326_USB0_Mouse
C:   00000C73  A$F326_USB0_Mouse$536              F326_USB0_Mouse
C:   00000C76  A$F326_USB0_Mouse$539              F326_USB0_Mouse
C:   00000C76  C$F326_USB0_Mouse.c$184$1$33       F326_USB0_Mouse
C:   00000C76  XG$USB0_Init$0$0                   F326_USB0_Mouse
C:   00000C77  A$F326_USB0_Mouse$552              F326_USB0_Mouse
C:   00000C77  C$F326_USB0_Mouse.c$198$1$33       F326_USB0_Mouse
C:   00000C77  C$F326_USB0_Mouse.c$201$1$35       F326_USB0_Mouse
C:   00000C77  G$Sysclk_Init$0$0                  F326_USB0_Mouse
C:   00000C77  _Sysclk_Init                       F326_USB0_Mouse
C:   00000C7A  A$F326_USB0_Mouse$555              F326_USB0_Mouse
C:   00000C7A  C$F326_USB0_Mouse.c$202$1$35       F326_USB0_Mouse
C:   00000C7D  A$F326_USB0_Mouse$558              F326_USB0_Mouse
C:   00000C7D  C$F326_USB0_Mouse.c$203$1$35       F326_USB0_Mouse
C:   00000C80  A$F326_USB0_Mouse$561              F326_USB0_Mouse
C:   00000C80  C$F326_USB0_Mouse.c$205$1$35       F326_USB0_Mouse
C:   00000C83  A$F326_USB0_Mouse$564              F326_USB0_Mouse
C:   00000C83  C$F326_USB0_Mouse.c$207$1$35       F326_USB0_Mouse
C:   00000C86  A$F326_USB0_Mouse$568              F326_USB0_Mouse
C:   00000C86  C$F326_USB0_Mouse.c$209$1$35       F326_USB0_Mouse
C:   00000C88  A$F326_USB0_Mouse$569              F326_USB0_Mouse
C:   00000C8B  A$F326_USB0_Mouse$572              F326_USB0_Mouse
C:   00000C8B  C$F326_USB0_Mouse.c$211$1$35       F326_USB0_Mouse
C:   00000C8E  A$F326_USB0_Mouse$575              F326_USB0_Mouse
C:   00000C8E  C$F326_USB0_Mouse.c$213$1$35       F326_USB0_Mouse
C:   00000C8E  XG$Sysclk_Init$0$0                 F326_USB0_Mouse
C:   00000C8F  A$F326_USB0_Mouse$588              F326_USB0_Mouse
C:   00000C8F  C$F326_USB0_Mouse.c$225$1$35       F326_USB0_Mouse
C:   00000C8F  C$F326_USB0_Mouse.c$227$1$37       F326_USB0_Mouse
C:   00000C8F  G$Port_Init$0$0                    F326_USB0_Mouse
C:   00000C8F  _Port_Init                         F326_USB0_Mouse
C:   00000C91  A$F326_USB0_Mouse$589              F326_USB0_Mouse
C:   00000C94  A$F326_USB0_Mouse$592              F326_USB0_Mouse
C:   00000C94  C$F326_USB0_Mouse.c$228$1$37       F326_USB0_Mouse
C:   00000C94  XG$Port_Init$0$0                   F326_USB0_Mouse
C:   00000C95  A$F326_USB0_Mouse$605              F326_USB0_Mouse
C:   00000C95  C$F326_USB0_Mouse.c$243$1$37       F326_USB0_Mouse
C:   00000C95  C$F326_USB0_Mouse.c$246$1$39       F326_USB0_Mouse
C:   00000C95  G$Timer_Init$0$0                   F326_USB0_Mouse
C:   00000C95  _Timer_Init                        F326_USB0_Mouse
C:   00000C98  A$F326_USB0_Mouse$608              F326_USB0_Mouse
ASxxxx Linker V03.00 + NoICE + sdld,  page 59.
Hexadecimal  [32-Bits]

Area                                    Addr        Size        Decimal Bytes (Attributes)
--------------------------------        ----        ----        ------- ----- ------------
CSEG                                0000007C    00000C79 =        3193. bytes (REL,CON,CODE)

      Value  Global                              Global Defined In Module
      -----  --------------------------------   ------------------------
C:   00000C98  C$F326_USB0_Mouse.c$247$1$39       F326_USB0_Mouse
C:   00000C9B  A$F326_USB0_Mouse$611              F326_USB0_Mouse
C:   00000C9B  C$F326_USB0_Mouse.c$248$1$39       F326_USB0_Mouse
C:   00000C9E  A$F326_USB0_Mouse$614              F326_USB0_Mouse
C:   00000C9E  C$F326_USB0_Mouse.c$250$1$39       F326_USB0_Mouse
C:   00000CA1  A$F326_USB0_Mouse$617              F326_USB0_Mouse
C:   00000CA1  C$F326_USB0_Mouse.c$251$1$39       F326_USB0_Mouse
C:   00000CA4  A$F326_USB0_Mouse$620              F326_USB0_Mouse
C:   00000CA4  C$F326_USB0_Mouse.c$253$1$39       F326_USB0_Mouse
C:   00000CA4  XG$Timer_Init$0$0                  F326_USB0_Mouse
C:   00000CA5  A$F326_USB0_Mouse$635              F326_USB0_Mouse
C:   00000CA5  C$F326_USB0_Mouse.c$268$1$39       F326_USB0_Mouse
C:   00000CA5  G$Delay$0$0                        F326_USB0_Mouse
C:   00000CA5  _Delay                             F326_USB0_Mouse
C:   00000CA7  A$F326_USB0_Mouse$636              F326_USB0_Mouse
C:   00000CA9  A$F326_USB0_Mouse$638              F326_USB0_Mouse
C:   00000CAA  A$F326_USB0_Mouse$639              F326_USB0_Mouse
C:   00000CAB  A$F326_USB0_Mouse$640              F326_USB0_Mouse
C:   00000CAD  A$F326_USB0_Mouse$641              F326_USB0_Mouse
C:   00000CAE  A$F326_USB0_Mouse$642              F326_USB0_Mouse
C:   00000CB0  A$F326_USB0_Mouse$643              F326_USB0_Mouse
C:   00000CB2  A$F326_USB0_Mouse$644              F326_USB0_Mouse
C:   00000CB4  A$F326_USB0_Mouse$647              F326_USB0_Mouse
C:   00000CB4  C$F326_USB0_Mouse.c$272$1$41       F326_USB0_Mouse
C:   00000CB5  A$F326_USB0_Mouse$650              F326_USB0_Mouse
C:   00000CB5  C$F326_USB0_Mouse.c$271$1$41       F326_USB0_Mouse
C:   00000CB8  A$F326_USB0_Mouse$651              F326_USB0_Mouse
C:   00000CB9  A$F326_USB0_Mouse$652              F326_USB0_Mouse
C:   00000CBB  A$F326_USB0_Mouse$656              F326_USB0_Mouse
C:   00000CBB  C$F326_USB0_Mouse.c$273$1$41       F326_USB0_Mouse
C:   00000CBB  XG$Delay$0$0                       F326_USB0_Mouse
C:   00000CBC  __gptrput                          _gptrput
C:   00000CD5  __gptrget                          _gptrget
C:   00000CF1  __sdcc_external_startup            _startup
ASxxxx Linker V03.00 + NoICE + sdld,  page 60.
Hexadecimal  [32-Bits]

Area                                    Addr        Size        Decimal Bytes (Attributes)
--------------------------------        ----        ----        ------- ----- ------------
CONST                               00000CF5    000000C1 =         193. bytes (REL,CON,CODE)

      Value  Global                              Global Defined In Module
      -----  --------------------------------   ------------------------
C:   00000CF5  G$ONES_PACKET$0$0                  F3xx_USB0_Standard_Requests
C:   00000CF5  _ONES_PACKET                       F3xx_USB0_Standard_Requests
C:   00000CF7  G$ZERO_PACKET$0$0                  F3xx_USB0_Standard_Requests
C:   00000CF7  _ZERO_PACKET                       F3xx_USB0_Standard_Requests
C:   00000CF9  G$DEVICEDESC$0$0                   F3xx_USB0_Descriptor
C:   00000CF9  _DEVICEDESC                        F3xx_USB0_Descriptor
C:   00000D0B  G$HIDCONFIGDESC$0$0                F3xx_USB0_Descriptor
C:   00000D0B  _HIDCONFIGDESC                     F3xx_USB0_Descriptor
C:   00000D34  G$HIDREPORTDESC$0$0                F3xx_USB0_Descriptor
C:   00000D34  _HIDREPORTDESC                     F3xx_USB0_Descriptor
C:   00000D54  G$String0Desc$0$0                  F3xx_USB0_Descriptor
C:   00000D54  _String0Desc                       F3xx_USB0_Descriptor
C:   00000D58  G$String1Desc$0$0                  F3xx_USB0_Descriptor
C:   00000D58  _String1Desc                       F3xx_USB0_Descriptor
C:   00000D78  G$String2Desc$0$0                  F3xx_USB0_Descriptor
C:   00000D78  _String2Desc                       F3xx_USB0_Descriptor
C:   00000DB0  G$STRINGDESCTABLE$0$0              F3xx_USB0_Descriptor
C:   00000DB0  _STRINGDESCTABLE                   F3xx_USB0_Descriptor
ASxxxx Linker V03.00 + NoICE + sdld,  page 61.

Files Linked                              [ module(s) ]

F:\Dropbox\Dropbox\Personal Projects\Wedding\NES Controller\NES Attempt 3\F3xx_USB0_Main.rel
                                          [  ]
F:\Dropbox\Dropbox\Personal Projects\Wedding\NES Controller\NES Attempt 3\F3xx_USB0_InterruptServiceRoutine.rel
                                          [  ]
F:\Dropbox\Dropbox\Personal Projects\Wedding\NES Controller\NES Attempt 3\F3xx_USB0_Standard_Requests.rel
                                          [  ]
F:\Dropbox\Dropbox\Personal Projects\Wedding\NES Controller\NES Attempt 3\F3xx_USB0_ReportHandler.rel
                                          [  ]
F:\Dropbox\Dropbox\Personal Projects\Wedding\NES Controller\NES Attempt 3\F326_USB0_Mouse.rel
                                          [  ]
F:\Dropbox\Dropbox\Personal Projects\Wedding\NES Controller\NES Attempt 3\F3xx_USB0_Descriptor.rel
                                          [  ]


Libraries Linked                          [ object file ]

F:\Program Files (x86)\SDCC\bin\..\lib\small/mcs51.lib
                                          [ crtclear.rel ]
F:\Program Files (x86)\SDCC\bin\..\lib\small/mcs51.lib
                                          [ crtxinit.rel ]
F:\Program Files (x86)\SDCC\bin\..\lib\small/libsdcc.lib
                                          [ _gptrput.rel ]
F:\Program Files (x86)\SDCC\bin\..\lib\small/mcs51.lib
                                          [ crtxclear.rel ]
F:\Program Files (x86)\SDCC\bin\..\lib\small/mcs51.lib
                                          [ crtstart.rel ]
F:\Program Files (x86)\SDCC\bin\..\lib\small/libsdcc.lib
                                          [ _gptrget.rel ]
F:\Program Files (x86)\SDCC\bin\..\lib\small/libsdcc.lib
                                          [ _startup.rel ]

ASxxxx Linker V03.00 + NoICE + sdld,  page 62.

User Base Address Definitions

HOME = 0x0000
ISEG = 0x0000
BSEG = 0x0000

